
=== Deploying to 'foodrats-de4ec'...

i  deploying storage, firestore, hosting
i  firebase.storage: checking storage.rules for compilation errors...
✔  firebase.storage: rules file storage.rules compiled successfully
i  firestore: ensuring required API firestore.googleapis.com is enabled...
i  firestore: ensuring required API firestore.googleapis.com is enabled...
i  firestore: reading indexes from firestore.indexes.json...
i  cloud.firestore: checking firestore.rules for compilation errors...
✔  cloud.firestore: rules file firestore.rules compiled successfully
i  storage: latest version of storage.rules already up to date, skipping upload...
i  firestore: uploading rules firestore.rules...
i  firestore: deploying indexes...
✔  firestore: deployed indexes in firestore.indexes.json successfully for (default) database
i  hosting[foodrats-de4ec]: beginning deploy...
i  hosting[foodrats-de4ec]: found 3 files in website
i  hosting: upload complete
✔  hosting[foodrats-de4ec]: file upload complete
✔  storage: released rules storage.rules to firebase.storage
✔  firestore: released rules firestore.rules to cloud.firestore
i  hosting[foodrats-de4ec]: finalizing version...
✔  hosting[foodrats-de4ec]: version finalized
i  hosting[foodrats-de4ec]: releasing new version...
✔  hosting[foodrats-de4ec]: release complete

✔  Deploy complete!

Project Console: https://console.firebase.google.com/project/foodrats-de4ec/overview
Hosting URL: https://foodrats-de4ec.web.app
