
=== Deploying to 'foodrats-de4ec'...

i  deploying functions
Running command: pnpm --prefix "$RESOURCE_DIR" run lint
[WARN] Unsupported engine: wanted: {"node":"22"} (current: {"node":"v26.0.0","pnpm":"11.1.3"})
$ eslint src --ext .ts
Running command: pnpm --prefix "$RESOURCE_DIR" run build
[WARN] Unsupported engine: wanted: {"node":"22"} (current: {"node":"v26.0.0","pnpm":"11.1.3"})
$ tsc
✔  functions: Finished running predeploy script.
i  functions: preparing codebase default for deployment
i  functions: ensuring required API cloudfunctions.googleapis.com is enabled...
i  functions: ensuring required API cloudbuild.googleapis.com is enabled...
i  artifactregistry: ensuring required API artifactregistry.googleapis.com is enabled...
⚠  functions: package.json indicates an outdated version of firebase-functions. Please upgrade using npm install --save firebase-functions@latest in your functions directory.
⚠  functions: Please note that there will be breaking changes when you upgrade.
i  functions: Loading and analyzing source code for codebase default to determine what to deploy
Serving at port 8746

i  extensions: ensuring required API firebaseextensions.googleapis.com is enabled...
i  functions: preparing functions directory for uploading...
i  functions: packaged /Users/sebastiancardonahenao/AndroidStudioProjects/FoodRats/functions (169.28 KB) for uploading
i  functions: ensuring required API cloudscheduler.googleapis.com is enabled...
i  functions: ensuring required API run.googleapis.com is enabled...
i  functions: ensuring required API eventarc.googleapis.com is enabled...
i  functions: ensuring required API pubsub.googleapis.com is enabled...
i  functions: ensuring required API storage.googleapis.com is enabled...
i  functions: generating the service identity for pubsub.googleapis.com...
i  functions: generating the service identity for eventarc.googleapis.com...
✔  functions: functions source uploaded successfully
i  functions: updating Node.js 22 (2nd Gen) function onCommentCreated(europe-west3)...
i  functions: updating Node.js 22 (2nd Gen) function onMealCreated(europe-west3)...
i  functions: updating Node.js 22 (2nd Gen) function onMealDeleted(europe-west3)...
i  functions: updating Node.js 22 (2nd Gen) function weeklyDigest(europe-west3)...
i  functions: updating Node.js 22 (2nd Gen) function streakNudge(europe-west3)...
i  functions: updating Node.js 22 (2nd Gen) function mintPlateUrls(europe-west3)...
i  functions: updating Node.js 22 (2nd Gen) function deleteAccount(europe-west3)...
i  functions: updating Node.js 22 (2nd Gen) function exportMyData(europe-west3)...
i  functions: updating Node.js 22 (2nd Gen) function onPlateImageFinalized(us-east1)...
✔  functions[exportMyData(europe-west3)] Successful update operation.
✔  functions[onMealCreated(europe-west3)] Successful update operation.
✔  functions[mintPlateUrls(europe-west3)] Successful update operation.
✔  functions[onMealDeleted(europe-west3)] Successful update operation.
✔  functions[deleteAccount(europe-west3)] Successful update operation.
✔  functions[weeklyDigest(europe-west3)] Successful update operation.
✔  functions[onCommentCreated(europe-west3)] Successful update operation.
✔  functions[streakNudge(europe-west3)] Successful update operation.
✔  functions[onPlateImageFinalized(us-east1)] Successful update operation.

✔  Deploy complete!

Project Console: https://console.firebase.google.com/project/foodrats-de4ec/overview
