Calculating task graph as configuration cache cannot be reused because file 'androidApp/build.gradle.kts' has changed.
Type-safe project accessors is an incubating feature.
> Task :core:domain:androidPreBuild UP-TO-DATE
> Task :feature:achievements:androidPreBuild UP-TO-DATE
> Task :core:presentation:androidPreBuild UP-TO-DATE
> Task :core:data:androidPreBuild UP-TO-DATE
> Task :feature:auth:androidPreBuild UP-TO-DATE
> Task :core:designsystem:androidPreBuild UP-TO-DATE
> Task :feature:crew:androidPreBuild UP-TO-DATE
> Task :shared:androidPreBuild UP-TO-DATE
> Task :core:data:preAndroidMainBuild UP-TO-DATE
> Task :core:domain:preAndroidMainBuild UP-TO-DATE
> Task :core:i18n:androidPreBuild UP-TO-DATE
> Task :feature:auth:preAndroidMainBuild UP-TO-DATE
> Task :core:i18n:preAndroidMainBuild UP-TO-DATE
> Task :core:designsystem:preAndroidMainBuild UP-TO-DATE
> Task :core:presentation:preAndroidMainBuild UP-TO-DATE
> Task :feature:achievements:preAndroidMainBuild UP-TO-DATE
> Task :feature:crew:preAndroidMainBuild UP-TO-DATE
> Task :shared:preAndroidMainBuild UP-TO-DATE
> Task :core:presentation:mergeAndroidMainJniLibFolders UP-TO-DATE
> Task :core:domain:mergeAndroidMainJniLibFolders UP-TO-DATE
> Task :feature:auth:mergeAndroidMainJniLibFolders UP-TO-DATE
> Task :core:designsystem:mergeAndroidMainJniLibFolders UP-TO-DATE
> Task :core:i18n:mergeAndroidMainJniLibFolders UP-TO-DATE
> Task :core:data:mergeAndroidMainJniLibFolders UP-TO-DATE
> Task :feature:achievements:mergeAndroidMainJniLibFolders UP-TO-DATE
> Task :feature:crew:mergeAndroidMainJniLibFolders UP-TO-DATE
> Task :shared:mergeAndroidMainJniLibFolders UP-TO-DATE
> Task :core:domain:mergeAndroidMainNativeLibs NO-SOURCE
> Task :core:presentation:mergeAndroidMainNativeLibs NO-SOURCE
> Task :core:data:mergeAndroidMainNativeLibs NO-SOURCE
> Task :feature:achievements:mergeAndroidMainNativeLibs NO-SOURCE
> Task :core:i18n:mergeAndroidMainNativeLibs NO-SOURCE
> Task :shared:mergeAndroidMainNativeLibs NO-SOURCE
> Task :core:presentation:copyAndroidMainJniLibsProjectOnly UP-TO-DATE
> Task :core:data:copyAndroidMainJniLibsProjectOnly UP-TO-DATE
> Task :feature:auth:mergeAndroidMainNativeLibs NO-SOURCE
> Task :feature:feed:androidPreBuild UP-TO-DATE
> Task :core:designsystem:mergeAndroidMainNativeLibs NO-SOURCE
> Task :feature:crew:mergeAndroidMainNativeLibs NO-SOURCE
> Task :feature:feed:preAndroidMainBuild UP-TO-DATE
> Task :core:domain:copyAndroidMainJniLibsProjectOnly UP-TO-DATE
> Task :feature:achievements:copyAndroidMainJniLibsProjectOnly UP-TO-DATE
> Task :feature:ingredient:androidPreBuild UP-TO-DATE
> Task :feature:meal:androidPreBuild UP-TO-DATE
> Task :feature:ingredient:preAndroidMainBuild UP-TO-DATE
> Task :feature:meal-ai:androidPreBuild UP-TO-DATE
> Task :feature:meal:preAndroidMainBuild UP-TO-DATE
> Task :feature:meal-ai:preAndroidMainBuild UP-TO-DATE
> Task :core:i18n:copyAndroidMainJniLibsProjectOnly UP-TO-DATE
> Task :feature:crew:copyAndroidMainJniLibsProjectOnly UP-TO-DATE
> Task :feature:auth:copyAndroidMainJniLibsProjectOnly UP-TO-DATE
> Task :shared:copyAndroidMainJniLibsProjectOnly UP-TO-DATE
> Task :core:designsystem:copyAndroidMainJniLibsProjectOnly UP-TO-DATE
> Task :feature:notifications:androidPreBuild UP-TO-DATE
> Task :shared:kmpPartiallyResolvedDependenciesChecker
> Task :feature:notifications:preAndroidMainBuild UP-TO-DATE
> Task :shared:checkKotlinGradlePluginConfigurationErrors SKIPPED
> Task :feature:stats:androidPreBuild UP-TO-DATE
> Task :feature:stats:preAndroidMainBuild UP-TO-DATE
> Task :feature:feed:mergeAndroidMainJniLibFolders UP-TO-DATE
> Task :feature:ingredient:mergeAndroidMainJniLibFolders UP-TO-DATE
> Task :shared:copyNonXmlValueResourcesForAndroidMain NO-SOURCE
> Task :feature:meal:mergeAndroidMainJniLibFolders UP-TO-DATE
> Task :feature:meal-ai:mergeAndroidMainJniLibFolders UP-TO-DATE
> Task :feature:notifications:mergeAndroidMainJniLibFolders UP-TO-DATE
> Task :shared:convertXmlValueResourcesForAndroidMain NO-SOURCE
> Task :feature:stats:mergeAndroidMainJniLibFolders UP-TO-DATE
> Task :feature:ingredient:mergeAndroidMainNativeLibs NO-SOURCE
> Task :feature:meal:mergeAndroidMainNativeLibs NO-SOURCE
> Task :feature:feed:mergeAndroidMainNativeLibs NO-SOURCE
> Task :feature:meal-ai:mergeAndroidMainNativeLibs NO-SOURCE
> Task :shared:convertXmlValueResourcesForCommonMain UP-TO-DATE
> Task :feature:notifications:mergeAndroidMainNativeLibs NO-SOURCE
> Task :shared:generateAndroidMainEmptyResourceFiles UP-TO-DATE
> Task :shared:copyNonXmlValueResourcesForCommonMain NO-SOURCE
> Task :feature:feed:copyAndroidMainJniLibsProjectOnly UP-TO-DATE
> Task :feature:ingredient:copyAndroidMainJniLibsProjectOnly UP-TO-DATE
> Task :feature:meal:copyAndroidMainJniLibsProjectOnly UP-TO-DATE
> Task :feature:meal-ai:copyAndroidMainJniLibsProjectOnly UP-TO-DATE
> Task :core:data:kmpPartiallyResolvedDependenciesChecker
> Task :core:data:checkKotlinGradlePluginConfigurationErrors SKIPPED
> Task :shared:generateComposeResClass UP-TO-DATE
> Task :shared:prepareComposeResourcesTaskForAndroidMain NO-SOURCE
> Task :core:data:convertXmlValueResourcesForAndroidMain NO-SOURCE
> Task :core:data:generateComposeResClass SKIPPED
> Task :shared:prepareComposeResourcesTaskForCommonMain UP-TO-DATE
> Task :feature:stats:mergeAndroidMainNativeLibs NO-SOURCE
> Task :feature:notifications:copyAndroidMainJniLibsProjectOnly UP-TO-DATE
> Task :core:data:generateExpectResourceCollectorsForCommonMain SKIPPED
> Task :core:data:convertXmlValueResourcesForCommonMain NO-SOURCE
> Task :core:data:copyNonXmlValueResourcesForAndroidMain NO-SOURCE
> Task :core:designsystem:kmpPartiallyResolvedDependenciesChecker
> Task :shared:generateExpectResourceCollectorsForCommonMain UP-TO-DATE
> Task :shared:generateResourceAccessorsForAndroidMain NO-SOURCE
> Task :core:designsystem:checkKotlinGradlePluginConfigurationErrors SKIPPED
> Task :core:data:copyNonXmlValueResourcesForCommonMain NO-SOURCE
> Task :core:designsystem:convertXmlValueResourcesForAndroidMain NO-SOURCE
> Task :shared:generateResourceAccessorsForCommonMain UP-TO-DATE
> Task :shared:copyAndroidMainComposeResourcesToAndroidAssets UP-TO-DATE
> Task :core:data:prepareComposeResourcesTaskForCommonMain NO-SOURCE
> Task :core:data:prepareComposeResourcesTaskForAndroidMain NO-SOURCE
> Task :feature:stats:copyAndroidMainJniLibsProjectOnly UP-TO-DATE
> Task :core:data:generateResourceAccessorsForCommonMain SKIPPED
> Task :core:designsystem:convertXmlValueResourcesForCommonMain NO-SOURCE
> Task :core:data:generateResourceAccessorsForAndroidMain SKIPPED
> Task :core:designsystem:copyNonXmlValueResourcesForAndroidMain NO-SOURCE
> Task :core:designsystem:generateExpectResourceCollectorsForCommonMain UP-TO-DATE
> Task :shared:generateActualResourceCollectorsForAndroidMain UP-TO-DATE
> Task :core:designsystem:generateComposeResClass UP-TO-DATE
> Task :core:i18n:kmpPartiallyResolvedDependenciesChecker
> Task :core:data:generateActualResourceCollectorsForAndroidMain SKIPPED
> Task :core:i18n:checkKotlinGradlePluginConfigurationErrors SKIPPED
> Task :core:i18n:convertXmlValueResourcesForAndroidMain NO-SOURCE
> Task :core:i18n:copyNonXmlValueResourcesForAndroidMain NO-SOURCE
> Task :core:designsystem:prepareComposeResourcesTaskForAndroidMain NO-SOURCE
> Task :core:i18n:generateComposeResClass UP-TO-DATE
> Task :core:domain:kmpPartiallyResolvedDependenciesChecker
> Task :shared:packageAndroidMainResources UP-TO-DATE
> Task :core:i18n:generateExpectResourceCollectorsForCommonMain UP-TO-DATE
> Task :core:domain:checkKotlinGradlePluginConfigurationErrors SKIPPED
> Task :core:designsystem:generateResourceAccessorsForAndroidMain NO-SOURCE
> Task :core:presentation:convertXmlValueResourcesForAndroidMain NO-SOURCE
> Task :core:presentation:kmpPartiallyResolvedDependenciesChecker
> Task :core:designsystem:copyNonXmlValueResourcesForCommonMain UP-TO-DATE
> Task :core:presentation:checkKotlinGradlePluginConfigurationErrors SKIPPED
> Task :core:i18n:generateAndroidMainEmptyResourceFiles UP-TO-DATE
> Task :core:presentation:generateComposeResClass SKIPPED
> Task :core:presentation:generateExpectResourceCollectorsForCommonMain SKIPPED
> Task :core:presentation:copyNonXmlValueResourcesForAndroidMain NO-SOURCE
> Task :core:i18n:convertXmlValueResourcesForCommonMain UP-TO-DATE
> Task :core:presentation:convertXmlValueResourcesForCommonMain NO-SOURCE
> Task :feature:achievements:kmpPartiallyResolvedDependenciesChecker
> Task :feature:achievements:checkKotlinGradlePluginConfigurationErrors SKIPPED
> Task :core:i18n:prepareComposeResourcesTaskForAndroidMain NO-SOURCE
> Task :core:presentation:copyNonXmlValueResourcesForCommonMain NO-SOURCE
> Task :feature:achievements:convertXmlValueResourcesForAndroidMain NO-SOURCE
> Task :core:i18n:copyNonXmlValueResourcesForCommonMain NO-SOURCE
> Task :feature:achievements:copyNonXmlValueResourcesForAndroidMain NO-SOURCE
> Task :core:designsystem:prepareComposeResourcesTaskForCommonMain UP-TO-DATE
> Task :core:i18n:generateResourceAccessorsForAndroidMain NO-SOURCE
> Task :core:designsystem:generateResourceAccessorsForCommonMain UP-TO-DATE
> Task :shared:parseAndroidMainLocalResources UP-TO-DATE
> Task :core:presentation:prepareComposeResourcesTaskForCommonMain NO-SOURCE
> Task :core:i18n:prepareComposeResourcesTaskForCommonMain UP-TO-DATE
> Task :core:presentation:prepareComposeResourcesTaskForAndroidMain NO-SOURCE
> Task :core:designsystem:generateActualResourceCollectorsForAndroidMain UP-TO-DATE
> Task :feature:achievements:convertXmlValueResourcesForCommonMain UP-TO-DATE
> Task :core:presentation:generateResourceAccessorsForAndroidMain SKIPPED
> Task :feature:achievements:prepareComposeResourcesTaskForAndroidMain NO-SOURCE
> Task :core:presentation:generateResourceAccessorsForCommonMain SKIPPED
> Task :core:presentation:generateActualResourceCollectorsForAndroidMain SKIPPED
> Task :core:i18n:generateResourceAccessorsForCommonMain UP-TO-DATE
> Task :core:i18n:copyAndroidMainComposeResourcesToAndroidAssets UP-TO-DATE
> Task :shared:generateAndroidMainRFile UP-TO-DATE
> Task :feature:achievements:generateAndroidMainEmptyResourceFiles UP-TO-DATE
> Task :feature:achievements:generateExpectResourceCollectorsForCommonMain UP-TO-DATE
> Task :feature:auth:kmpPartiallyResolvedDependenciesChecker
> Task :feature:achievements:generateResourceAccessorsForAndroidMain NO-SOURCE
> Task :feature:auth:checkKotlinGradlePluginConfigurationErrors SKIPPED
> Task :feature:achievements:copyNonXmlValueResourcesForCommonMain NO-SOURCE
> Task :feature:achievements:generateComposeResClass UP-TO-DATE
> Task :core:i18n:generateActualResourceCollectorsForAndroidMain UP-TO-DATE
> Task :feature:auth:convertXmlValueResourcesForAndroidMain NO-SOURCE
> Task :feature:auth:copyNonXmlValueResourcesForAndroidMain NO-SOURCE
> Task :feature:crew:kmpPartiallyResolvedDependenciesChecker
> Task :feature:achievements:prepareComposeResourcesTaskForCommonMain UP-TO-DATE
> Task :feature:auth:convertXmlValueResourcesForCommonMain UP-TO-DATE
> Task :feature:auth:generateExpectResourceCollectorsForCommonMain UP-TO-DATE
> Task :feature:auth:copyNonXmlValueResourcesForCommonMain NO-SOURCE
> Task :feature:auth:generateComposeResClass UP-TO-DATE
> Task :feature:auth:generateAndroidMainEmptyResourceFiles UP-TO-DATE
> Task :feature:crew:checkKotlinGradlePluginConfigurationErrors SKIPPED
> Task :feature:crew:copyNonXmlValueResourcesForAndroidMain NO-SOURCE
> Task :core:i18n:packageAndroidMainResources UP-TO-DATE
> Task :feature:achievements:generateResourceAccessorsForCommonMain UP-TO-DATE
> Task :feature:crew:convertXmlValueResourcesForAndroidMain NO-SOURCE
> Task :feature:achievements:copyAndroidMainComposeResourcesToAndroidAssets UP-TO-DATE
> Task :feature:auth:prepareComposeResourcesTaskForAndroidMain NO-SOURCE
> Task :feature:achievements:generateActualResourceCollectorsForAndroidMain UP-TO-DATE
> Task :feature:auth:generateResourceAccessorsForAndroidMain NO-SOURCE
> Task :feature:crew:prepareComposeResourcesTaskForAndroidMain NO-SOURCE
> Task :feature:auth:prepareComposeResourcesTaskForCommonMain UP-TO-DATE
> Task :core:domain:compileAndroidMain UP-TO-DATE
> Task :feature:crew:convertXmlValueResourcesForCommonMain UP-TO-DATE
> Task :feature:crew:generateAndroidMainEmptyResourceFiles UP-TO-DATE
> Task :feature:crew:generateExpectResourceCollectorsForCommonMain UP-TO-DATE
> Task :core:i18n:parseAndroidMainLocalResources UP-TO-DATE
> Task :feature:crew:generateResourceAccessorsForAndroidMain NO-SOURCE
> Task :feature:auth:generateResourceAccessorsForCommonMain UP-TO-DATE
> Task :feature:crew:copyNonXmlValueResourcesForCommonMain NO-SOURCE
> Task :feature:feed:kmpPartiallyResolvedDependenciesChecker
> Task :core:domain:bundleAndroidMainClassesToCompileJar UP-TO-DATE
> Task :feature:feed:checkKotlinGradlePluginConfigurationErrors SKIPPED
> Task :feature:feed:convertXmlValueResourcesForAndroidMain NO-SOURCE
> Task :feature:crew:generateComposeResClass UP-TO-DATE
> Task :feature:achievements:packageAndroidMainResources UP-TO-DATE
> Task :feature:feed:copyNonXmlValueResourcesForAndroidMain NO-SOURCE
> Task :feature:feed:copyNonXmlValueResourcesForCommonMain NO-SOURCE
> Task :feature:auth:generateActualResourceCollectorsForAndroidMain UP-TO-DATE
> Task :feature:crew:prepareComposeResourcesTaskForCommonMain UP-TO-DATE
> Task :feature:auth:copyAndroidMainComposeResourcesToAndroidAssets UP-TO-DATE
> Task :feature:achievements:parseAndroidMainLocalResources UP-TO-DATE
> Task :core:i18n:generateAndroidMainRFile UP-TO-DATE
> Task :feature:feed:generateAndroidMainEmptyResourceFiles UP-TO-DATE
> Task :feature:feed:prepareComposeResourcesTaskForAndroidMain NO-SOURCE
> Task :feature:crew:generateResourceAccessorsForCommonMain UP-TO-DATE
> Task :feature:feed:generateComposeResClass UP-TO-DATE
> Task :feature:feed:convertXmlValueResourcesForCommonMain UP-TO-DATE
> Task :feature:crew:copyAndroidMainComposeResourcesToAndroidAssets UP-TO-DATE
> Task :feature:crew:generateActualResourceCollectorsForAndroidMain UP-TO-DATE
> Task :feature:ingredient:kmpPartiallyResolvedDependenciesChecker
> Task :feature:feed:generateResourceAccessorsForAndroidMain NO-SOURCE
> Task :feature:feed:generateExpectResourceCollectorsForCommonMain UP-TO-DATE
> Task :feature:ingredient:checkKotlinGradlePluginConfigurationErrors SKIPPED
> Task :feature:achievements:generateAndroidMainRFile UP-TO-DATE
> Task :feature:auth:packageAndroidMainResources UP-TO-DATE
> Task :feature:ingredient:convertXmlValueResourcesForAndroidMain NO-SOURCE
> Task :feature:ingredient:generateComposeResClass UP-TO-DATE
> Task :feature:ingredient:copyNonXmlValueResourcesForAndroidMain NO-SOURCE
> Task :feature:ingredient:generateExpectResourceCollectorsForCommonMain UP-TO-DATE
> Task :feature:meal:kmpPartiallyResolvedDependenciesChecker
> Task :feature:meal:checkKotlinGradlePluginConfigurationErrors SKIPPED
> Task :feature:meal:convertXmlValueResourcesForAndroidMain NO-SOURCE
> Task :feature:meal:copyNonXmlValueResourcesForAndroidMain NO-SOURCE
> Task :feature:feed:prepareComposeResourcesTaskForCommonMain UP-TO-DATE
> Task :feature:auth:parseAndroidMainLocalResources UP-TO-DATE
> Task :feature:crew:packageAndroidMainResources UP-TO-DATE
> Task :feature:ingredient:generateAndroidMainEmptyResourceFiles UP-TO-DATE
> Task :feature:ingredient:prepareComposeResourcesTaskForAndroidMain NO-SOURCE
> Task :feature:ingredient:convertXmlValueResourcesForCommonMain UP-TO-DATE
> Task :feature:feed:generateResourceAccessorsForCommonMain UP-TO-DATE
> Task :feature:ingredient:copyNonXmlValueResourcesForCommonMain NO-SOURCE
> Task :feature:meal:convertXmlValueResourcesForCommonMain UP-TO-DATE
> Task :feature:crew:parseAndroidMainLocalResources UP-TO-DATE
> Task :feature:feed:generateActualResourceCollectorsForAndroidMain UP-TO-DATE
> Task :feature:meal:copyNonXmlValueResourcesForCommonMain NO-SOURCE
> Task :feature:ingredient:generateResourceAccessorsForAndroidMain NO-SOURCE
> Task :feature:auth:generateAndroidMainRFile UP-TO-DATE
> Task :feature:feed:copyAndroidMainComposeResourcesToAndroidAssets UP-TO-DATE
> Task :feature:ingredient:prepareComposeResourcesTaskForCommonMain UP-TO-DATE
> Task :feature:meal:prepareComposeResourcesTaskForAndroidMain NO-SOURCE
> Task :feature:meal:generateExpectResourceCollectorsForCommonMain UP-TO-DATE
> Task :feature:meal:generateResourceAccessorsForAndroidMain NO-SOURCE
> Task :feature:meal:generateComposeResClass UP-TO-DATE
> Task :feature:meal-ai:kmpPartiallyResolvedDependenciesChecker
> Task :feature:meal:prepareComposeResourcesTaskForCommonMain UP-TO-DATE
> Task :feature:meal:generateAndroidMainEmptyResourceFiles UP-TO-DATE
> Task :feature:crew:generateAndroidMainRFile UP-TO-DATE
> Task :feature:meal-ai:checkKotlinGradlePluginConfigurationErrors SKIPPED
> Task :feature:meal-ai:copyNonXmlValueResourcesForAndroidMain NO-SOURCE
> Task :feature:meal:generateResourceAccessorsForCommonMain UP-TO-DATE
> Task :feature:feed:packageAndroidMainResources UP-TO-DATE
> Task :feature:ingredient:generateResourceAccessorsForCommonMain UP-TO-DATE
> Task :feature:ingredient:copyAndroidMainComposeResourcesToAndroidAssets UP-TO-DATE
> Task :feature:meal-ai:convertXmlValueResourcesForAndroidMain NO-SOURCE
> Task :feature:meal:copyAndroidMainComposeResourcesToAndroidAssets UP-TO-DATE
> Task :feature:ingredient:generateActualResourceCollectorsForAndroidMain UP-TO-DATE
> Task :feature:feed:parseAndroidMainLocalResources UP-TO-DATE
> Task :feature:meal-ai:generateAndroidMainEmptyResourceFiles UP-TO-DATE
> Task :feature:meal-ai:generateComposeResClass UP-TO-DATE
> Task :feature:meal-ai:copyNonXmlValueResourcesForCommonMain UP-TO-DATE
> Task :feature:notifications:kmpPartiallyResolvedDependenciesChecker
> Task :feature:notifications:checkKotlinGradlePluginConfigurationErrors SKIPPED
> Task :feature:meal-ai:generateExpectResourceCollectorsForCommonMain UP-TO-DATE
> Task :feature:meal-ai:prepareComposeResourcesTaskForAndroidMain NO-SOURCE
> Task :feature:notifications:convertXmlValueResourcesForAndroidMain NO-SOURCE
> Task :feature:ingredient:packageAndroidMainResources UP-TO-DATE
> Task :feature:meal:generateActualResourceCollectorsForAndroidMain UP-TO-DATE
> Task :feature:notifications:copyNonXmlValueResourcesForAndroidMain NO-SOURCE
> Task :feature:feed:generateAndroidMainRFile UP-TO-DATE
> Task :feature:meal:packageAndroidMainResources UP-TO-DATE
> Task :feature:meal-ai:generateResourceAccessorsForAndroidMain NO-SOURCE
> Task :feature:ingredient:parseAndroidMainLocalResources UP-TO-DATE
> Task :feature:meal-ai:convertXmlValueResourcesForCommonMain UP-TO-DATE
> Task :feature:notifications:convertXmlValueResourcesForCommonMain UP-TO-DATE
> Task :feature:meal:parseAndroidMainLocalResources UP-TO-DATE
> Task :feature:notifications:prepareComposeResourcesTaskForAndroidMain NO-SOURCE
> Task :feature:notifications:generateComposeResClass UP-TO-DATE
> Task :feature:notifications:generateExpectResourceCollectorsForCommonMain UP-TO-DATE
> Task :feature:notifications:generateResourceAccessorsForAndroidMain NO-SOURCE
> Task :feature:stats:kmpPartiallyResolvedDependenciesChecker
> Task :feature:stats:checkKotlinGradlePluginConfigurationErrors SKIPPED
> Task :feature:ingredient:generateAndroidMainRFile UP-TO-DATE
> Task :feature:stats:convertXmlValueResourcesForAndroidMain NO-SOURCE
> Task :feature:stats:copyNonXmlValueResourcesForAndroidMain NO-SOURCE
> Task :feature:stats:copyNonXmlValueResourcesForCommonMain NO-SOURCE
> Task :feature:meal-ai:prepareComposeResourcesTaskForCommonMain UP-TO-DATE
> Task :feature:stats:prepareComposeResourcesTaskForAndroidMain NO-SOURCE
> Task :feature:meal-ai:generateResourceAccessorsForCommonMain UP-TO-DATE
> Task :feature:stats:generateComposeResClass UP-TO-DATE
> Task :feature:notifications:copyNonXmlValueResourcesForCommonMain NO-SOURCE
> Task :feature:stats:generateAndroidMainEmptyResourceFiles UP-TO-DATE
> Task :feature:stats:convertXmlValueResourcesForCommonMain UP-TO-DATE
> Task :feature:meal:generateAndroidMainRFile UP-TO-DATE
> Task :feature:meal-ai:generateActualResourceCollectorsForAndroidMain UP-TO-DATE
> Task :feature:meal-ai:copyAndroidMainComposeResourcesToAndroidAssets UP-TO-DATE
> Task :feature:stats:generateResourceAccessorsForAndroidMain NO-SOURCE
> Task :feature:stats:generateExpectResourceCollectorsForCommonMain UP-TO-DATE
> Task :feature:stats:prepareComposeResourcesTaskForCommonMain UP-TO-DATE
> Task :core:domain:bundleAndroidMainClassesToRuntimeJar UP-TO-DATE
> Task :core:domain:processAndroidMainJavaRes UP-TO-DATE
> Task :feature:stats:generateResourceAccessorsForCommonMain UP-TO-DATE
> Task :feature:stats:copyAndroidMainComposeResourcesToAndroidAssets UP-TO-DATE
> Task :feature:stats:generateActualResourceCollectorsForAndroidMain UP-TO-DATE
> Task :feature:meal-ai:packageAndroidMainResources UP-TO-DATE
> Task :core:domain:createFullJarAndroidMain UP-TO-DATE
> Task :feature:meal-ai:parseAndroidMainLocalResources UP-TO-DATE
> Task :shared:prepareAndroidMainArtProfile UP-TO-DATE
> Task :feature:stats:packageAndroidMainResources UP-TO-DATE
> Task :core:data:prepareAndroidMainArtProfile UP-TO-DATE
> Task :core:designsystem:prepareAndroidMainArtProfile UP-TO-DATE
> Task :core:domain:prepareAndroidMainArtProfile UP-TO-DATE
> Task :feature:meal-ai:generateAndroidMainRFile UP-TO-DATE
> Task :feature:stats:parseAndroidMainLocalResources UP-TO-DATE
> Task :core:i18n:prepareAndroidMainArtProfile UP-TO-DATE
> Task :feature:auth:prepareAndroidMainArtProfile UP-TO-DATE
> Task :feature:notifications:generateAndroidMainEmptyResourceFiles UP-TO-DATE
> Task :feature:notifications:prepareComposeResourcesTaskForCommonMain UP-TO-DATE
> Task :feature:crew:prepareAndroidMainArtProfile UP-TO-DATE
> Task :feature:notifications:generateResourceAccessorsForCommonMain UP-TO-DATE
> Task :feature:feed:prepareAndroidMainArtProfile UP-TO-DATE
> Task :feature:achievements:prepareAndroidMainArtProfile UP-TO-DATE
> Task :core:presentation:prepareAndroidMainArtProfile UP-TO-DATE
> Task :feature:notifications:copyAndroidMainComposeResourcesToAndroidAssets UP-TO-DATE
> Task :feature:ingredient:prepareAndroidMainArtProfile UP-TO-DATE
> Task :feature:stats:generateAndroidMainRFile UP-TO-DATE
> Task :feature:notifications:generateActualResourceCollectorsForAndroidMain UP-TO-DATE
> Task :feature:meal:prepareAndroidMainArtProfile UP-TO-DATE
> Task :feature:meal-ai:prepareAndroidMainArtProfile UP-TO-DATE
> Task :feature:notifications:prepareAndroidMainArtProfile UP-TO-DATE
> Task :feature:stats:prepareAndroidMainArtProfile UP-TO-DATE
> Task :core:domain:generateAndroidMainEmptyResourceFiles UP-TO-DATE
> Task :feature:notifications:packageAndroidMainResources UP-TO-DATE
> Task :shared:writeAndroidMainAarMetadata UP-TO-DATE
> Task :androidApp:injectCrashlyticsMappingFileIdRelease UP-TO-DATE
> Task :androidApp:processReleaseGoogleServices UP-TO-DATE
> Task :core:data:writeAndroidMainAarMetadata UP-TO-DATE
> Task :core:designsystem:writeAndroidMainAarMetadata UP-TO-DATE
> Task :core:i18n:writeAndroidMainAarMetadata UP-TO-DATE
> Task :core:data:generateAndroidMainEmptyResourceFiles UP-TO-DATE
> Task :core:domain:writeAndroidMainAarMetadata UP-TO-DATE
> Task :feature:notifications:parseAndroidMainLocalResources UP-TO-DATE
> Task :core:presentation:writeAndroidMainAarMetadata UP-TO-DATE
> Task :feature:achievements:writeAndroidMainAarMetadata UP-TO-DATE
> Task :feature:auth:writeAndroidMainAarMetadata UP-TO-DATE
> Task :core:presentation:generateAndroidMainEmptyResourceFiles UP-TO-DATE
> Task :core:designsystem:generateAndroidMainEmptyResourceFiles UP-TO-DATE
> Task :feature:crew:writeAndroidMainAarMetadata UP-TO-DATE
> Task :feature:feed:writeAndroidMainAarMetadata UP-TO-DATE
> Task :feature:ingredient:writeAndroidMainAarMetadata UP-TO-DATE
> Task :feature:meal-ai:writeAndroidMainAarMetadata UP-TO-DATE
> Task :feature:stats:writeAndroidMainAarMetadata UP-TO-DATE
> Task :core:i18n:compileAndroidMain UP-TO-DATE
> Task :feature:notifications:writeAndroidMainAarMetadata UP-TO-DATE
> Task :feature:meal:writeAndroidMainAarMetadata UP-TO-DATE
> Task :feature:notifications:generateAndroidMainRFile UP-TO-DATE
> Task :shared:processAndroidMainManifest UP-TO-DATE
> Task :core:designsystem:processAndroidMainManifest UP-TO-DATE
> Task :core:data:processAndroidMainManifest UP-TO-DATE
> Task :core:domain:processAndroidMainManifest UP-TO-DATE
> Task :core:i18n:bundleAndroidMainClassesToCompileJar UP-TO-DATE
> Task :core:i18n:bundleAndroidMainClassesToRuntimeJar UP-TO-DATE
> Task :core:presentation:processAndroidMainManifest UP-TO-DATE
> Task :core:i18n:processAndroidMainManifest UP-TO-DATE
> Task :feature:auth:processAndroidMainManifest UP-TO-DATE
> Task :feature:feed:processAndroidMainManifest UP-TO-DATE
> Task :feature:crew:processAndroidMainManifest UP-TO-DATE
> Task :core:i18n:processAndroidMainJavaRes UP-TO-DATE
> Task :feature:achievements:processAndroidMainManifest UP-TO-DATE
> Task :feature:ingredient:processAndroidMainManifest UP-TO-DATE
> Task :shared:generateAndroidMainAssets UP-TO-DATE
> Task :androidApp:generateReleaseAssets UP-TO-DATE
> Task :core:i18n:generateAndroidMainAssets UP-TO-DATE
> Task :feature:meal:processAndroidMainManifest UP-TO-DATE
> Task :feature:meal-ai:processAndroidMainManifest UP-TO-DATE
> Task :core:i18n:createFullJarAndroidMain UP-TO-DATE
> Task :core:i18n:mergeAndroidMainAssets UP-TO-DATE
> Task :feature:auth:generateAndroidMainAssets UP-TO-DATE
> Task :feature:crew:generateAndroidMainAssets UP-TO-DATE
> Task :feature:achievements:generateAndroidMainAssets UP-TO-DATE
> Task :feature:notifications:processAndroidMainManifest UP-TO-DATE
> Task :feature:feed:generateAndroidMainAssets UP-TO-DATE
> Task :feature:stats:processAndroidMainManifest UP-TO-DATE
> Task :feature:ingredient:generateAndroidMainAssets UP-TO-DATE
> Task :feature:crew:mergeAndroidMainAssets UP-TO-DATE
> Task :feature:meal:generateAndroidMainAssets UP-TO-DATE
> Task :shared:mergeAndroidMainAssets UP-TO-DATE
> Task :feature:meal-ai:generateAndroidMainAssets UP-TO-DATE
> Task :feature:ingredient:mergeAndroidMainAssets UP-TO-DATE
> Task :feature:notifications:generateAndroidMainAssets UP-TO-DATE
> Task :feature:meal:mergeAndroidMainAssets UP-TO-DATE
> Task :feature:stats:generateAndroidMainAssets UP-TO-DATE
> Task :feature:feed:mergeAndroidMainAssets UP-TO-DATE
> Task :feature:achievements:mergeAndroidMainAssets UP-TO-DATE
> Task :feature:notifications:mergeAndroidMainAssets UP-TO-DATE
> Task :feature:stats:mergeAndroidMainAssets UP-TO-DATE
> Task :feature:meal-ai:mergeAndroidMainAssets UP-TO-DATE
> Task :core:data:prepareLintJarForPublish UP-TO-DATE
> Task :core:domain:prepareLintJarForPublish UP-TO-DATE
> Task :shared:prepareLintJarForPublish UP-TO-DATE
> Task :core:designsystem:prepareLintJarForPublish UP-TO-DATE
> Task :feature:auth:mergeAndroidMainAssets UP-TO-DATE
> Task :core:i18n:prepareLintJarForPublish UP-TO-DATE
> Task :core:presentation:prepareLintJarForPublish UP-TO-DATE
> Task :feature:achievements:prepareLintJarForPublish UP-TO-DATE
> Task :feature:auth:prepareLintJarForPublish UP-TO-DATE
> Task :feature:crew:prepareLintJarForPublish UP-TO-DATE
> Task :feature:feed:prepareLintJarForPublish UP-TO-DATE
> Task :feature:meal-ai:prepareLintJarForPublish UP-TO-DATE
> Task :feature:stats:prepareLintJarForPublish UP-TO-DATE
> Task :feature:notifications:prepareLintJarForPublish UP-TO-DATE
> Task :feature:meal:prepareLintJarForPublish UP-TO-DATE
> Task :feature:ingredient:prepareLintJarForPublish UP-TO-DATE
> Task :feature:auth:checkAndroidMainAarMetadata UP-TO-DATE
> Task :feature:meal:checkAndroidMainAarMetadata UP-TO-DATE
> Task :feature:meal-ai:checkAndroidMainAarMetadata UP-TO-DATE
> Task :feature:feed:checkAndroidMainAarMetadata UP-TO-DATE
> Task :feature:stats:checkAndroidMainAarMetadata UP-TO-DATE
> Task :shared:checkAndroidMainAarMetadata UP-TO-DATE
> Task :feature:crew:checkAndroidMainAarMetadata UP-TO-DATE
> Task :feature:ingredient:checkAndroidMainAarMetadata UP-TO-DATE
> Task :feature:achievements:checkAndroidMainAarMetadata UP-TO-DATE
> Task :feature:notifications:checkAndroidMainAarMetadata UP-TO-DATE
> Task :core:domain:checkAndroidMainAarMetadata UP-TO-DATE
> Task :core:domain:mergeAndroidMainJavaResource UP-TO-DATE
> Task :core:presentation:extractAndroidMainAnnotations UP-TO-DATE
> Task :core:designsystem:extractAndroidMainAnnotations UP-TO-DATE
> Task :core:domain:extractAndroidMainAnnotations UP-TO-DATE
> Task :core:i18n:mergeAndroidMainJavaResource UP-TO-DATE
> Task :core:domain:syncAndroidMainLibJars UP-TO-DATE
> Task :core:i18n:extractAndroidMainAnnotations UP-TO-DATE
> Task :core:domain:bundleAndroidMainLocalLintAar UP-TO-DATE
> Task :core:i18n:syncAndroidMainLibJars UP-TO-DATE
> Task :core:i18n:checkAndroidMainAarMetadata UP-TO-DATE
> Task :core:data:checkAndroidMainAarMetadata UP-TO-DATE
> Task :core:presentation:checkAndroidMainAarMetadata UP-TO-DATE
> Task :core:presentation:compileAndroidMain UP-TO-DATE
> Task :core:presentation:bundleAndroidMainClassesToCompileJar UP-TO-DATE
> Task :core:presentation:bundleAndroidMainClassesToRuntimeJar UP-TO-DATE
> Task :core:presentation:processAndroidMainJavaRes UP-TO-DATE
> Task :core:i18n:bundleAndroidMainLocalLintAar UP-TO-DATE
> Task :core:designsystem:compileAndroidMain UP-TO-DATE
> Task :core:designsystem:checkAndroidMainAarMetadata UP-TO-DATE
> Task :core:designsystem:processAndroidMainJavaRes UP-TO-DATE
> Task :core:designsystem:bundleAndroidMainClassesToCompileJar UP-TO-DATE
> Task :core:designsystem:bundleAndroidMainClassesToRuntimeJar UP-TO-DATE
> Task :core:presentation:createFullJarAndroidMain UP-TO-DATE
> Task :core:presentation:mergeAndroidMainJavaResource UP-TO-DATE
> Task :core:designsystem:createFullJarAndroidMain UP-TO-DATE
> Task :core:designsystem:mergeAndroidMainJavaResource UP-TO-DATE
> Task :core:presentation:syncAndroidMainLibJars UP-TO-DATE
> Task :core:designsystem:syncAndroidMainLibJars UP-TO-DATE
> Task :core:presentation:bundleAndroidMainLocalLintAar UP-TO-DATE
> Task :core:designsystem:bundleAndroidMainLocalLintAar UP-TO-DATE
> Task :core:data:extractAndroidMainAnnotations UP-TO-DATE
> Task :core:data:compileAndroidMain UP-TO-DATE
> Task :core:data:bundleAndroidMainClassesToCompileJar UP-TO-DATE
> Task :core:data:processAndroidMainJavaRes UP-TO-DATE
> Task :core:data:bundleAndroidMainClassesToRuntimeJar UP-TO-DATE
> Task :feature:achievements:compileAndroidMain UP-TO-DATE
> Task :feature:notifications:compileAndroidMain UP-TO-DATE
> Task :feature:meal:compileAndroidMain UP-TO-DATE
> Task :feature:achievements:bundleAndroidMainClassesToCompileJar UP-TO-DATE
> Task :feature:ingredient:compileAndroidMain UP-TO-DATE
> Task :feature:notifications:bundleAndroidMainClassesToCompileJar UP-TO-DATE
> Task :feature:meal-ai:compileAndroidMain UP-TO-DATE
> Task :feature:auth:compileAndroidMain UP-TO-DATE
> Task :feature:feed:compileAndroidMain UP-TO-DATE
> Task :feature:stats:compileAndroidMain UP-TO-DATE
> Task :feature:ingredient:bundleAndroidMainClassesToCompileJar UP-TO-DATE
> Task :feature:meal:bundleAndroidMainClassesToCompileJar UP-TO-DATE
> Task :feature:crew:compileAndroidMain UP-TO-DATE
> Task :feature:meal-ai:bundleAndroidMainClassesToCompileJar UP-TO-DATE
> Task :feature:auth:bundleAndroidMainClassesToCompileJar UP-TO-DATE
> Task :feature:meal:bundleAndroidMainClassesToRuntimeJar UP-TO-DATE
> Task :feature:feed:bundleAndroidMainClassesToCompileJar UP-TO-DATE
> Task :feature:auth:bundleAndroidMainClassesToRuntimeJar UP-TO-DATE
> Task :feature:meal:processAndroidMainJavaRes UP-TO-DATE
> Task :feature:crew:bundleAndroidMainClassesToCompileJar UP-TO-DATE
> Task :feature:auth:processAndroidMainJavaRes UP-TO-DATE
> Task :feature:crew:bundleAndroidMainClassesToRuntimeJar UP-TO-DATE
> Task :feature:stats:bundleAndroidMainClassesToCompileJar UP-TO-DATE
> Task :feature:feed:bundleAndroidMainClassesToRuntimeJar UP-TO-DATE
> Task :feature:crew:processAndroidMainJavaRes UP-TO-DATE
> Task :feature:feed:processAndroidMainJavaRes UP-TO-DATE
> Task :feature:meal-ai:processAndroidMainJavaRes UP-TO-DATE
> Task :feature:auth:createFullJarAndroidMain UP-TO-DATE
> Task :feature:meal:createFullJarAndroidMain UP-TO-DATE
> Task :feature:meal-ai:bundleAndroidMainClassesToRuntimeJar UP-TO-DATE
> Task :feature:notifications:bundleAndroidMainClassesToRuntimeJar UP-TO-DATE
> Task :feature:feed:createFullJarAndroidMain UP-TO-DATE
> Task :feature:notifications:processAndroidMainJavaRes UP-TO-DATE
> Task :feature:meal-ai:createFullJarAndroidMain UP-TO-DATE
> Task :feature:stats:processAndroidMainJavaRes UP-TO-DATE
> Task :feature:ingredient:bundleAndroidMainClassesToRuntimeJar UP-TO-DATE
> Task :feature:ingredient:processAndroidMainJavaRes UP-TO-DATE
> Task :feature:stats:bundleAndroidMainClassesToRuntimeJar UP-TO-DATE
> Task :feature:notifications:createFullJarAndroidMain UP-TO-DATE
> Task :feature:achievements:bundleAndroidMainClassesToRuntimeJar UP-TO-DATE
> Task :feature:achievements:processAndroidMainJavaRes UP-TO-DATE
> Task :feature:crew:createFullJarAndroidMain UP-TO-DATE
> Task :feature:ingredient:createFullJarAndroidMain UP-TO-DATE
> Task :core:data:createFullJarAndroidMain UP-TO-DATE
> Task :feature:stats:createFullJarAndroidMain UP-TO-DATE
> Task :feature:achievements:createFullJarAndroidMain UP-TO-DATE
> Task :feature:auth:mergeAndroidMainJavaResource UP-TO-DATE
> Task :feature:auth:extractAndroidMainAnnotations UP-TO-DATE
> Task :feature:feed:extractAndroidMainAnnotations UP-TO-DATE
> Task :shared:extractAndroidMainAnnotations UP-TO-DATE
> Task :feature:crew:mergeAndroidMainJavaResource UP-TO-DATE
> Task :feature:feed:mergeAndroidMainJavaResource UP-TO-DATE
> Task :feature:meal:mergeAndroidMainJavaResource UP-TO-DATE
> Task :feature:meal-ai:mergeAndroidMainJavaResource UP-TO-DATE
> Task :feature:auth:syncAndroidMainLibJars UP-TO-DATE
> Task :feature:notifications:mergeAndroidMainJavaResource UP-TO-DATE
> Task :feature:crew:extractAndroidMainAnnotations UP-TO-DATE
> Task :feature:feed:syncAndroidMainLibJars UP-TO-DATE
> Task :feature:notifications:extractAndroidMainAnnotations UP-TO-DATE
> Task :feature:meal:extractAndroidMainAnnotations UP-TO-DATE
> Task :feature:auth:bundleAndroidMainLocalLintAar UP-TO-DATE
> Task :feature:stats:mergeAndroidMainJavaResource UP-TO-DATE
> Task :feature:crew:syncAndroidMainLibJars UP-TO-DATE
> Task :feature:feed:bundleAndroidMainLocalLintAar UP-TO-DATE
> Task :feature:notifications:syncAndroidMainLibJars UP-TO-DATE
> Task :feature:stats:extractAndroidMainAnnotations UP-TO-DATE
> Task :feature:meal-ai:extractAndroidMainAnnotations UP-TO-DATE
> Task :feature:meal:syncAndroidMainLibJars UP-TO-DATE
> Task :feature:crew:bundleAndroidMainLocalLintAar UP-TO-DATE
> Task :feature:notifications:bundleAndroidMainLocalLintAar UP-TO-DATE
> Task :feature:stats:syncAndroidMainLibJars UP-TO-DATE
> Task :feature:meal:bundleAndroidMainLocalLintAar UP-TO-DATE
> Task :feature:ingredient:mergeAndroidMainJavaResource UP-TO-DATE
> Task :feature:meal-ai:syncAndroidMainLibJars UP-TO-DATE
> Task :feature:ingredient:extractAndroidMainAnnotations UP-TO-DATE
> Task :shared:compileAndroidMain UP-TO-DATE
> Task :feature:stats:bundleAndroidMainLocalLintAar UP-TO-DATE
> Task :feature:meal-ai:bundleAndroidMainLocalLintAar UP-TO-DATE
> Task :shared:bundleAndroidMainClassesToRuntimeJar UP-TO-DATE
> Task :shared:processAndroidMainJavaRes UP-TO-DATE
> Task :shared:bundleAndroidMainClassesToCompileJar UP-TO-DATE
> Task :shared:mergeAndroidMainJavaResource UP-TO-DATE
> Task :core:data:mergeAndroidMainJavaResource UP-TO-DATE
> Task :shared:createFullJarAndroidMain UP-TO-DATE
> Task :feature:ingredient:syncAndroidMainLibJars UP-TO-DATE
> Task :feature:achievements:mergeAndroidMainJavaResource UP-TO-DATE
> Task :shared:syncAndroidMainLibJars UP-TO-DATE
> Task :shared:bundleAndroidMainLocalLintAar UP-TO-DATE
> Task :core:data:syncAndroidMainLibJars UP-TO-DATE
> Task :core:data:bundleAndroidMainLocalLintAar UP-TO-DATE
> Task :feature:ingredient:bundleAndroidMainLocalLintAar UP-TO-DATE
> Task :feature:achievements:extractAndroidMainAnnotations UP-TO-DATE
> Task :feature:achievements:syncAndroidMainLibJars UP-TO-DATE
> Task :feature:achievements:bundleAndroidMainLocalLintAar UP-TO-DATE
> Task :androidApp:printDebugSha
> Task :androidApp:preBuild
> Task :androidApp:preReleaseBuild
> Task :androidApp:mergeReleaseJniLibFolders UP-TO-DATE
> Task :androidApp:javaPreCompileRelease UP-TO-DATE
> Task :androidApp:generateReleaseBuildConfig UP-TO-DATE
> Task :androidApp:createReleaseCompatibleScreenManifests UP-TO-DATE
> Task :androidApp:extractProguardFiles UP-TO-DATE
> Task :androidApp:generateReleaseResources FROM-CACHE
> Task :androidApp:mergeReleaseStartupProfile UP-TO-DATE
> Task :androidApp:extractDeepLinksRelease UP-TO-DATE
> Task :androidApp:packageReleaseResources FROM-CACHE
> Task :androidApp:extractReleaseVersionControlInfo UP-TO-DATE
> Task :androidApp:collectReleaseDependencies UP-TO-DATE
> Task :androidApp:sdkReleaseDependencyData UP-TO-DATE
> Task :androidApp:writeReleaseAppMetadata UP-TO-DATE
> Task :androidApp:writeReleaseSigningConfigVersions UP-TO-DATE
> Task :androidApp:checkReleaseAarMetadata UP-TO-DATE
> Task :androidApp:mapReleaseSourceSetPaths
> Task :androidApp:mergeReleaseAssets UP-TO-DATE
> Task :androidApp:processReleaseNavigationResources FROM-CACHE
> Task :androidApp:mergeReleaseArtProfile UP-TO-DATE
> Task :androidApp:checkReleaseDuplicateClasses UP-TO-DATE
> Task :androidApp:compileReleaseNavigationResources UP-TO-DATE
> Task :androidApp:compressReleaseAssets UP-TO-DATE
> Task :androidApp:parseReleaseLocalResources FROM-CACHE
> Task :androidApp:mergeReleaseNativeLibs UP-TO-DATE
> Task :androidApp:generateReleaseRFile FROM-CACHE
> Task :androidApp:stripReleaseDebugSymbols UP-TO-DATE
> Task :androidApp:extractReleaseNativeSymbolTables UP-TO-DATE
> Task :androidApp:mergeReleaseNativeDebugMetadata NO-SOURCE
> Task :androidApp:processReleaseMainManifest FROM-CACHE
> Task :androidApp:processReleaseManifest FROM-CACHE
> Task :androidApp:processReleaseManifestForPackage FROM-CACHE
> Task :androidApp:compileReleaseKotlin
> Task :androidApp:mergeReleaseResources FROM-CACHE
> Task :androidApp:processReleaseJavaRes UP-TO-DATE
> Task :androidApp:compileReleaseJavaWithJavac UP-TO-DATE
> Task :androidApp:mergeReleaseJavaResource UP-TO-DATE
> Task :androidApp:generateReleaseLintVitalReportModel
> Task :androidApp:processReleaseResources
> Task :androidApp:mergeReleaseGeneratedProguardFiles UP-TO-DATE

> Task :androidApp:stripReleaseImagePickerShutter
StripImagePickerShutter: keeping muted no-op playShutterSound from jar classes.jar!io/github/ismoy/imagepickerkmp/presentation/ui/utils/PlayShutterSoundKt.class

> Task :androidApp:lintVitalAnalyzeRelease
> Task :androidApp:lintVitalReportRelease
> Task :androidApp:lintVitalRelease

> Task :androidApp:stripReleaseImagePickerShutter
StripImagePickerShutter: dropped library shutter copy from jar library-release-runtime.jar!io/github/ismoy/imagepickerkmp/presentation/ui/utils/PlayShutterSoundKt.class

> Task :androidApp:expandReleaseArtProfileWildcards
> Task :androidApp:produceReleaseComposeMapping
> Task :androidApp:reportReleaseComposeMappingErrors
> Task :androidApp:minifyReleaseWithR8
> Task :androidApp:convertShrunkResourcesToBinaryRelease
> Task :androidApp:optimizeReleaseResources
> Task :androidApp:mergeReleaseComposeMapping
> Task :androidApp:compileReleaseArtProfile UP-TO-DATE
> Task :androidApp:packageRelease
> Task :androidApp:assembleRelease
> Task :androidApp:createReleaseApkListingFileRedirect UP-TO-DATE

BUILD SUCCESSFUL in 1m 25s
453 actionable tasks: 32 executed, 9 from cache, 412 up-to-date
Configuration cache entry stored.
