Calculating task graph as no cached configuration is available for tasks: :shared:testAndroidHostTest :androidApp:processReleaseMainManifest
Type-safe project accessors is an incubating feature.
> Task :core:data:generateComposeResClass SKIPPED
> Task :shared:androidPreBuild UP-TO-DATE
> Task :core:data:generateExpectResourceCollectorsForCommonMain SKIPPED
> Task :shared:preAndroidMainBuild UP-TO-DATE
> Task :shared:generateExpectResourceCollectorsForCommonMain UP-TO-DATE
> Task :core:designsystem:kmpPartiallyResolvedDependenciesChecker
> Task :shared:kmpPartiallyResolvedDependenciesChecker
> Task :core:data:kmpPartiallyResolvedDependenciesChecker
> Task :core:data:copyNonXmlValueResourcesForAndroidMain NO-SOURCE
> Task :core:data:checkKotlinGradlePluginConfigurationErrors SKIPPED
> Task :core:designsystem:checkKotlinGradlePluginConfigurationErrors SKIPPED
> Task :shared:checkKotlinGradlePluginConfigurationErrors SKIPPED
> Task :shared:copyNonXmlValueResourcesForAndroidMain NO-SOURCE
> Task :shared:generateComposeResClass UP-TO-DATE
> Task :shared:copyNonXmlValueResourcesForCommonMain NO-SOURCE
> Task :core:data:convertXmlValueResourcesForAndroidMain NO-SOURCE
> Task :core:data:convertXmlValueResourcesForCommonMain NO-SOURCE
> Task :shared:convertXmlValueResourcesForAndroidMain NO-SOURCE
> Task :core:data:copyNonXmlValueResourcesForCommonMain NO-SOURCE
> Task :core:designsystem:generateComposeResClass UP-TO-DATE
> Task :core:designsystem:convertXmlValueResourcesForAndroidMain NO-SOURCE
> Task :core:data:prepareComposeResourcesTaskForAndroidMain NO-SOURCE
> Task :shared:prepareComposeResourcesTaskForAndroidMain NO-SOURCE
> Task :shared:generateAndroidMainEmptyResourceFiles UP-TO-DATE
> Task :core:data:generateResourceAccessorsForAndroidMain SKIPPED
> Task :core:data:prepareComposeResourcesTaskForCommonMain NO-SOURCE
> Task :core:designsystem:generateExpectResourceCollectorsForCommonMain UP-TO-DATE
> Task :core:i18n:kmpPartiallyResolvedDependenciesChecker
> Task :core:designsystem:copyNonXmlValueResourcesForAndroidMain NO-SOURCE
> Task :shared:generateResourceAccessorsForAndroidMain NO-SOURCE
> Task :core:i18n:androidPreBuild UP-TO-DATE
> Task :core:i18n:convertXmlValueResourcesForAndroidMain NO-SOURCE
> Task :core:i18n:preAndroidMainBuild UP-TO-DATE
> Task :core:i18n:checkKotlinGradlePluginConfigurationErrors SKIPPED
> Task :shared:convertXmlValueResourcesForCommonMain UP-TO-DATE
> Task :core:i18n:copyNonXmlValueResourcesForAndroidMain NO-SOURCE
> Task :core:i18n:copyNonXmlValueResourcesForCommonMain NO-SOURCE
> Task :core:data:generateResourceAccessorsForCommonMain SKIPPED
> Task :core:designsystem:androidPreBuild UP-TO-DATE
> Task :core:designsystem:prepareComposeResourcesTaskForAndroidMain NO-SOURCE
> Task :core:i18n:prepareComposeResourcesTaskForAndroidMain NO-SOURCE
> Task :core:designsystem:preAndroidMainBuild UP-TO-DATE
> Task :core:data:generateActualResourceCollectorsForAndroidMain SKIPPED
> Task :core:i18n:generateExpectResourceCollectorsForCommonMain UP-TO-DATE
> Task :core:domain:androidPreBuild UP-TO-DATE
> Task :core:domain:preAndroidMainBuild UP-TO-DATE
> Task :core:data:androidPreBuild UP-TO-DATE
> Task :core:i18n:generateResourceAccessorsForAndroidMain NO-SOURCE
> Task :core:data:preAndroidMainBuild UP-TO-DATE
> Task :core:i18n:generateComposeResClass UP-TO-DATE
> Task :core:i18n:generateAndroidMainEmptyResourceFiles UP-TO-DATE
> Task :core:domain:kmpPartiallyResolvedDependenciesChecker
> Task :core:domain:checkKotlinGradlePluginConfigurationErrors SKIPPED
> Task :core:designsystem:copyNonXmlValueResourcesForCommonMain UP-TO-DATE
> Task :core:presentation:kmpPartiallyResolvedDependenciesChecker
> Task :core:presentation:convertXmlValueResourcesForAndroidMain NO-SOURCE
> Task :core:presentation:checkKotlinGradlePluginConfigurationErrors SKIPPED
> Task :core:designsystem:generateResourceAccessorsForAndroidMain NO-SOURCE
> Task :core:i18n:convertXmlValueResourcesForCommonMain UP-TO-DATE
> Task :core:presentation:generateComposeResClass SKIPPED
> Task :shared:prepareComposeResourcesTaskForCommonMain UP-TO-DATE
> Task :core:presentation:generateExpectResourceCollectorsForCommonMain SKIPPED
> Task :core:designsystem:convertXmlValueResourcesForCommonMain NO-SOURCE
> Task :core:presentation:convertXmlValueResourcesForCommonMain NO-SOURCE
> Task :core:presentation:androidPreBuild UP-TO-DATE
> Task :core:presentation:copyNonXmlValueResourcesForAndroidMain NO-SOURCE
> Task :feature:achievements:kmpPartiallyResolvedDependenciesChecker
> Task :feature:achievements:checkKotlinGradlePluginConfigurationErrors SKIPPED
> Task :shared:generateResourceAccessorsForCommonMain UP-TO-DATE
> Task :shared:generateActualResourceCollectorsForAndroidMain UP-TO-DATE
> Task :core:presentation:copyNonXmlValueResourcesForCommonMain NO-SOURCE
> Task :feature:achievements:androidPreBuild UP-TO-DATE
> Task :feature:achievements:preAndroidMainBuild UP-TO-DATE
> Task :core:presentation:preAndroidMainBuild UP-TO-DATE
> Task :core:designsystem:prepareComposeResourcesTaskForCommonMain UP-TO-DATE
> Task :feature:achievements:convertXmlValueResourcesForAndroidMain NO-SOURCE
> Task :core:presentation:prepareComposeResourcesTaskForCommonMain NO-SOURCE
> Task :core:designsystem:generateResourceAccessorsForCommonMain UP-TO-DATE
> Task :shared:copyAndroidMainComposeResourcesToAndroidAssets UP-TO-DATE
> Task :feature:achievements:copyNonXmlValueResourcesForAndroidMain NO-SOURCE
> Task :core:presentation:generateResourceAccessorsForCommonMain SKIPPED
> Task :core:presentation:prepareComposeResourcesTaskForAndroidMain NO-SOURCE
> Task :feature:achievements:generateComposeResClass UP-TO-DATE
> Task :feature:achievements:prepareComposeResourcesTaskForAndroidMain NO-SOURCE
> Task :core:presentation:generateResourceAccessorsForAndroidMain SKIPPED
> Task :feature:achievements:generateResourceAccessorsForAndroidMain NO-SOURCE
> Task :core:presentation:generateActualResourceCollectorsForAndroidMain SKIPPED
> Task :core:i18n:prepareComposeResourcesTaskForCommonMain UP-TO-DATE
> Task :feature:auth:kmpPartiallyResolvedDependenciesChecker
> Task :feature:auth:checkKotlinGradlePluginConfigurationErrors SKIPPED
> Task :feature:achievements:generateAndroidMainEmptyResourceFiles UP-TO-DATE
> Task :feature:auth:convertXmlValueResourcesForAndroidMain NO-SOURCE
> Task :feature:achievements:generateExpectResourceCollectorsForCommonMain UP-TO-DATE
> Task :core:designsystem:generateActualResourceCollectorsForAndroidMain UP-TO-DATE
> Task :feature:auth:copyNonXmlValueResourcesForAndroidMain NO-SOURCE
> Task :feature:achievements:convertXmlValueResourcesForCommonMain UP-TO-DATE
> Task :feature:achievements:copyNonXmlValueResourcesForCommonMain NO-SOURCE
> Task :feature:auth:androidPreBuild UP-TO-DATE
> Task :feature:auth:preAndroidMainBuild UP-TO-DATE
> Task :feature:auth:generateExpectResourceCollectorsForCommonMain UP-TO-DATE
> Task :feature:auth:generateComposeResClass UP-TO-DATE
> Task :shared:packageAndroidMainResources UP-TO-DATE
> Task :feature:auth:prepareComposeResourcesTaskForAndroidMain NO-SOURCE
> Task :feature:crew:kmpPartiallyResolvedDependenciesChecker
> Task :feature:crew:checkKotlinGradlePluginConfigurationErrors SKIPPED
> Task :core:i18n:generateResourceAccessorsForCommonMain UP-TO-DATE
> Task :feature:achievements:prepareComposeResourcesTaskForCommonMain UP-TO-DATE
> Task :feature:crew:copyNonXmlValueResourcesForAndroidMain NO-SOURCE
> Task :feature:crew:convertXmlValueResourcesForAndroidMain NO-SOURCE
> Task :feature:auth:generateAndroidMainEmptyResourceFiles UP-TO-DATE
> Task :feature:achievements:generateResourceAccessorsForCommonMain UP-TO-DATE
> Task :feature:auth:generateResourceAccessorsForAndroidMain NO-SOURCE
> Task :shared:parseAndroidMainLocalResources UP-TO-DATE
> Task :feature:crew:prepareComposeResourcesTaskForAndroidMain NO-SOURCE
> Task :feature:crew:generateResourceAccessorsForAndroidMain NO-SOURCE
> Task :feature:achievements:copyAndroidMainComposeResourcesToAndroidAssets UP-TO-DATE
> Task :feature:crew:androidPreBuild UP-TO-DATE
> Task :feature:crew:preAndroidMainBuild UP-TO-DATE
> Task :core:i18n:copyAndroidMainComposeResourcesToAndroidAssets UP-TO-DATE
> Task :feature:achievements:generateActualResourceCollectorsForAndroidMain UP-TO-DATE
> Task :feature:auth:convertXmlValueResourcesForCommonMain UP-TO-DATE
> Task :core:i18n:generateActualResourceCollectorsForAndroidMain UP-TO-DATE
> Task :feature:crew:generateExpectResourceCollectorsForCommonMain UP-TO-DATE
> Task :feature:crew:generateComposeResClass UP-TO-DATE
> Task :feature:feed:kmpPartiallyResolvedDependenciesChecker
> Task :feature:feed:checkKotlinGradlePluginConfigurationErrors SKIPPED
> Task :feature:feed:androidPreBuild UP-TO-DATE
> Task :feature:feed:preAndroidMainBuild UP-TO-DATE
> Task :feature:feed:copyNonXmlValueResourcesForAndroidMain NO-SOURCE
> Task :shared:generateAndroidMainRFile UP-TO-DATE
> Task :feature:auth:copyNonXmlValueResourcesForCommonMain NO-SOURCE
> Task :feature:feed:convertXmlValueResourcesForAndroidMain NO-SOURCE
> Task :feature:crew:generateAndroidMainEmptyResourceFiles UP-TO-DATE
> Task :feature:feed:generateComposeResClass UP-TO-DATE
> Task :feature:achievements:packageAndroidMainResources UP-TO-DATE
> Task :feature:crew:convertXmlValueResourcesForCommonMain UP-TO-DATE
> Task :core:i18n:packageAndroidMainResources UP-TO-DATE
> Task :feature:feed:generateAndroidMainEmptyResourceFiles UP-TO-DATE
> Task :feature:crew:copyNonXmlValueResourcesForCommonMain NO-SOURCE
> Task :feature:feed:generateExpectResourceCollectorsForCommonMain UP-TO-DATE
> Task :feature:feed:prepareComposeResourcesTaskForAndroidMain NO-SOURCE
> Task :feature:feed:generateResourceAccessorsForAndroidMain NO-SOURCE
> Task :feature:ingredient:androidPreBuild UP-TO-DATE
> Task :feature:ingredient:preAndroidMainBuild UP-TO-DATE
> Task :feature:crew:prepareComposeResourcesTaskForCommonMain UP-TO-DATE
> Task :feature:ingredient:kmpPartiallyResolvedDependenciesChecker
> Task :feature:crew:generateResourceAccessorsForCommonMain UP-TO-DATE
> Task :feature:achievements:parseAndroidMainLocalResources UP-TO-DATE
> Task :feature:feed:convertXmlValueResourcesForCommonMain UP-TO-DATE
> Task :feature:auth:prepareComposeResourcesTaskForCommonMain UP-TO-DATE
> Task :feature:feed:copyNonXmlValueResourcesForCommonMain NO-SOURCE
> Task :feature:auth:generateResourceAccessorsForCommonMain UP-TO-DATE
> Task :feature:crew:generateActualResourceCollectorsForAndroidMain UP-TO-DATE
> Task :feature:ingredient:generateAndroidMainEmptyResourceFiles UP-TO-DATE
> Task :feature:ingredient:convertXmlValueResourcesForAndroidMain NO-SOURCE
> Task :feature:ingredient:checkKotlinGradlePluginConfigurationErrors SKIPPED
> Task :feature:crew:copyAndroidMainComposeResourcesToAndroidAssets UP-TO-DATE
> Task :feature:ingredient:copyNonXmlValueResourcesForAndroidMain NO-SOURCE
> Task :feature:auth:generateActualResourceCollectorsForAndroidMain UP-TO-DATE
> Task :feature:ingredient:generateComposeResClass UP-TO-DATE
> Task :feature:achievements:generateAndroidMainRFile UP-TO-DATE
> Task :feature:ingredient:prepareComposeResourcesTaskForAndroidMain NO-SOURCE
> Task :feature:ingredient:generateExpectResourceCollectorsForCommonMain UP-TO-DATE
> Task :feature:ingredient:generateResourceAccessorsForAndroidMain NO-SOURCE
> Task :feature:auth:copyAndroidMainComposeResourcesToAndroidAssets UP-TO-DATE
> Task :feature:meal:kmpPartiallyResolvedDependenciesChecker
> Task :feature:ingredient:convertXmlValueResourcesForCommonMain UP-TO-DATE
> Task :feature:feed:prepareComposeResourcesTaskForCommonMain UP-TO-DATE
> Task :feature:meal:checkKotlinGradlePluginConfigurationErrors SKIPPED
> Task :feature:feed:generateResourceAccessorsForCommonMain UP-TO-DATE
> Task :feature:ingredient:copyNonXmlValueResourcesForCommonMain NO-SOURCE
> Task :feature:feed:generateActualResourceCollectorsForAndroidMain UP-TO-DATE
> Task :feature:meal:copyNonXmlValueResourcesForAndroidMain NO-SOURCE
> Task :feature:feed:copyAndroidMainComposeResourcesToAndroidAssets UP-TO-DATE
> Task :feature:meal:androidPreBuild UP-TO-DATE
> Task :feature:ingredient:prepareComposeResourcesTaskForCommonMain UP-TO-DATE
> Task :feature:meal:convertXmlValueResourcesForAndroidMain NO-SOURCE
> Task :feature:meal:preAndroidMainBuild UP-TO-DATE
> Task :feature:auth:packageAndroidMainResources UP-TO-DATE
> Task :feature:meal:prepareComposeResourcesTaskForAndroidMain NO-SOURCE
> Task :feature:ingredient:generateResourceAccessorsForCommonMain UP-TO-DATE
> Task :feature:crew:packageAndroidMainResources UP-TO-DATE
> Task :feature:ingredient:copyAndroidMainComposeResourcesToAndroidAssets UP-TO-DATE
> Task :feature:meal:generateResourceAccessorsForAndroidMain NO-SOURCE
> Task :feature:feed:packageAndroidMainResources UP-TO-DATE
> Task :feature:meal:convertXmlValueResourcesForCommonMain UP-TO-DATE
> Task :feature:ingredient:generateActualResourceCollectorsForAndroidMain UP-TO-DATE
> Task :feature:meal:generateComposeResClass UP-TO-DATE
> Task :feature:meal:generateExpectResourceCollectorsForCommonMain UP-TO-DATE
> Task :feature:meal:copyNonXmlValueResourcesForCommonMain NO-SOURCE
> Task :feature:auth:parseAndroidMainLocalResources UP-TO-DATE
> Task :feature:meal-ai:kmpPartiallyResolvedDependenciesChecker
> Task :feature:meal-ai:checkKotlinGradlePluginConfigurationErrors SKIPPED
> Task :feature:meal-ai:convertXmlValueResourcesForAndroidMain NO-SOURCE
> Task :feature:meal-ai:copyNonXmlValueResourcesForAndroidMain NO-SOURCE
> Task :feature:meal:generateAndroidMainEmptyResourceFiles UP-TO-DATE
> Task :feature:meal-ai:androidPreBuild UP-TO-DATE
> Task :feature:meal-ai:preAndroidMainBuild UP-TO-DATE
> Task :feature:meal-ai:prepareComposeResourcesTaskForAndroidMain NO-SOURCE
> Task :feature:ingredient:packageAndroidMainResources UP-TO-DATE
> Task :feature:meal:prepareComposeResourcesTaskForCommonMain UP-TO-DATE
> Task :feature:meal-ai:generateResourceAccessorsForAndroidMain NO-SOURCE
> Task :feature:meal:generateResourceAccessorsForCommonMain UP-TO-DATE
> Task :feature:meal-ai:convertXmlValueResourcesForCommonMain UP-TO-DATE
> Task :feature:auth:generateAndroidMainRFile UP-TO-DATE
> Task :feature:feed:parseAndroidMainLocalResources UP-TO-DATE
> Task :feature:crew:parseAndroidMainLocalResources UP-TO-DATE
> Task :feature:meal-ai:generateComposeResClass UP-TO-DATE
> Task :feature:meal-ai:generateAndroidMainEmptyResourceFiles UP-TO-DATE
> Task :feature:meal-ai:generateExpectResourceCollectorsForCommonMain UP-TO-DATE
> Task :feature:meal:generateActualResourceCollectorsForAndroidMain UP-TO-DATE
> Task :feature:ingredient:parseAndroidMainLocalResources UP-TO-DATE
> Task :feature:feed:generateAndroidMainRFile UP-TO-DATE
> Task :feature:notifications:kmpPartiallyResolvedDependenciesChecker
> Task :feature:notifications:checkKotlinGradlePluginConfigurationErrors SKIPPED
> Task :feature:meal:copyAndroidMainComposeResourcesToAndroidAssets UP-TO-DATE
> Task :feature:notifications:copyNonXmlValueResourcesForAndroidMain NO-SOURCE
> Task :feature:notifications:androidPreBuild UP-TO-DATE
> Task :feature:crew:generateAndroidMainRFile UP-TO-DATE
> Task :feature:notifications:generateExpectResourceCollectorsForCommonMain UP-TO-DATE
> Task :feature:notifications:copyNonXmlValueResourcesForCommonMain NO-SOURCE
> Task :feature:notifications:preAndroidMainBuild UP-TO-DATE
> Task :feature:notifications:convertXmlValueResourcesForAndroidMain NO-SOURCE
> Task :feature:meal:packageAndroidMainResources UP-TO-DATE
> Task :feature:stats:kmpPartiallyResolvedDependenciesChecker
> Task :feature:notifications:generateComposeResClass UP-TO-DATE
> Task :feature:stats:checkKotlinGradlePluginConfigurationErrors SKIPPED
> Task :feature:notifications:prepareComposeResourcesTaskForAndroidMain NO-SOURCE
> Task :feature:notifications:generateResourceAccessorsForAndroidMain NO-SOURCE
> Task :feature:stats:androidPreBuild UP-TO-DATE
> Task :feature:stats:preAndroidMainBuild UP-TO-DATE
> Task :feature:stats:convertXmlValueResourcesForAndroidMain NO-SOURCE
> Task :feature:stats:copyNonXmlValueResourcesForAndroidMain NO-SOURCE
> Task :feature:meal-ai:copyNonXmlValueResourcesForCommonMain UP-TO-DATE
> Task :feature:notifications:generateAndroidMainEmptyResourceFiles UP-TO-DATE
> Task :feature:stats:copyNonXmlValueResourcesForCommonMain NO-SOURCE
> Task :feature:ingredient:generateAndroidMainRFile UP-TO-DATE
> Task :feature:stats:prepareComposeResourcesTaskForAndroidMain NO-SOURCE
> Task :feature:meal:parseAndroidMainLocalResources UP-TO-DATE
> Task :feature:stats:generateExpectResourceCollectorsForCommonMain UP-TO-DATE
> Task :feature:stats:generateResourceAccessorsForAndroidMain NO-SOURCE
> Task :shared:generateAndroidHostTestAssets UP-TO-DATE
> Task :shared:generateAndroidMainAssets UP-TO-DATE
> Task :feature:stats:generateComposeResClass UP-TO-DATE
> Task :feature:notifications:convertXmlValueResourcesForCommonMain UP-TO-DATE
> Task :feature:meal-ai:prepareComposeResourcesTaskForCommonMain UP-TO-DATE
> Task :shared:mergeAndroidMainAssets UP-TO-DATE
> Task :shared:preAndroidHostTestBuild UP-TO-DATE
> Task :feature:stats:generateAndroidMainEmptyResourceFiles UP-TO-DATE
> Task :feature:achievements:generateAndroidMainAssets UP-TO-DATE
> Task :core:i18n:generateAndroidMainAssets UP-TO-DATE
> Task :feature:meal-ai:generateResourceAccessorsForCommonMain UP-TO-DATE
> Task :feature:meal:generateAndroidMainRFile UP-TO-DATE
> Task :feature:auth:generateAndroidMainAssets UP-TO-DATE
> Task :feature:meal-ai:copyAndroidMainComposeResourcesToAndroidAssets UP-TO-DATE
> Task :feature:stats:convertXmlValueResourcesForCommonMain UP-TO-DATE
> Task :core:i18n:mergeAndroidMainAssets UP-TO-DATE
> Task :feature:meal-ai:generateActualResourceCollectorsForAndroidMain UP-TO-DATE
> Task :feature:crew:generateAndroidMainAssets UP-TO-DATE
> Task :feature:notifications:prepareComposeResourcesTaskForCommonMain UP-TO-DATE
> Task :feature:achievements:mergeAndroidMainAssets UP-TO-DATE
> Task :feature:auth:mergeAndroidMainAssets UP-TO-DATE
> Task :feature:feed:generateAndroidMainAssets UP-TO-DATE
> Task :feature:ingredient:generateAndroidMainAssets UP-TO-DATE
> Task :feature:notifications:generateResourceAccessorsForCommonMain UP-TO-DATE
> Task :feature:crew:mergeAndroidMainAssets UP-TO-DATE
> Task :feature:meal:generateAndroidMainAssets UP-TO-DATE
> Task :feature:stats:prepareComposeResourcesTaskForCommonMain UP-TO-DATE
> Task :feature:feed:mergeAndroidMainAssets UP-TO-DATE
> Task :feature:stats:generateResourceAccessorsForCommonMain UP-TO-DATE
> Task :feature:meal-ai:packageAndroidMainResources UP-TO-DATE
> Task :feature:ingredient:mergeAndroidMainAssets UP-TO-DATE
> Task :feature:meal:mergeAndroidMainAssets UP-TO-DATE
> Task :feature:notifications:generateActualResourceCollectorsForAndroidMain UP-TO-DATE
> Task :feature:meal-ai:generateAndroidMainAssets UP-TO-DATE
> Task :feature:stats:generateActualResourceCollectorsForAndroidMain UP-TO-DATE
> Task :feature:notifications:copyAndroidMainComposeResourcesToAndroidAssets UP-TO-DATE
> Task :feature:notifications:generateAndroidMainAssets UP-TO-DATE
> Task :feature:stats:copyAndroidMainComposeResourcesToAndroidAssets UP-TO-DATE
> Task :feature:stats:generateAndroidMainAssets UP-TO-DATE
> Task :feature:stats:mergeAndroidMainAssets UP-TO-DATE
> Task :feature:meal-ai:mergeAndroidMainAssets UP-TO-DATE
> Task :feature:meal-ai:parseAndroidMainLocalResources UP-TO-DATE
> Task :feature:notifications:mergeAndroidMainAssets UP-TO-DATE
> Task :shared:writeAndroidMainAarMetadata UP-TO-DATE
> Task :core:data:writeAndroidMainAarMetadata UP-TO-DATE
> Task :feature:notifications:packageAndroidMainResources UP-TO-DATE
> Task :core:designsystem:writeAndroidMainAarMetadata UP-TO-DATE
> Task :core:i18n:writeAndroidMainAarMetadata UP-TO-DATE
> Task :shared:androidJar UP-TO-DATE
> Task :feature:stats:packageAndroidMainResources UP-TO-DATE
> Task :core:domain:writeAndroidMainAarMetadata UP-TO-DATE
> Task :feature:meal-ai:generateAndroidMainRFile UP-TO-DATE
> Task :feature:notifications:parseAndroidMainLocalResources UP-TO-DATE
> Task :feature:auth:writeAndroidMainAarMetadata UP-TO-DATE
> Task :feature:achievements:writeAndroidMainAarMetadata UP-TO-DATE
> Task :feature:stats:parseAndroidMainLocalResources UP-TO-DATE
> Task :feature:ingredient:writeAndroidMainAarMetadata UP-TO-DATE
> Task :core:presentation:writeAndroidMainAarMetadata UP-TO-DATE
> Task :feature:crew:writeAndroidMainAarMetadata UP-TO-DATE
> Task :feature:meal:writeAndroidMainAarMetadata UP-TO-DATE
> Task :feature:feed:writeAndroidMainAarMetadata UP-TO-DATE
> Task :feature:notifications:writeAndroidMainAarMetadata UP-TO-DATE
> Task :feature:meal-ai:writeAndroidMainAarMetadata UP-TO-DATE
> Task :feature:notifications:generateAndroidMainRFile UP-TO-DATE
> Task :feature:stats:writeAndroidMainAarMetadata UP-TO-DATE
> Task :feature:stats:generateAndroidMainRFile UP-TO-DATE
> Task :core:data:generateAndroidMainEmptyResourceFiles UP-TO-DATE
> Task :core:designsystem:generateAndroidMainEmptyResourceFiles UP-TO-DATE
> Task :core:presentation:generateAndroidMainEmptyResourceFiles UP-TO-DATE
> Task :core:domain:generateAndroidMainEmptyResourceFiles UP-TO-DATE
> Task :core:data:processAndroidMainManifest UP-TO-DATE
> Task :shared:processAndroidMainManifest UP-TO-DATE
> Task :core:domain:processAndroidMainManifest UP-TO-DATE
> Task :shared:compileAndroidMainLibraryResources FROM-CACHE
> Task :core:i18n:processAndroidMainManifest UP-TO-DATE
> Task :feature:achievements:processAndroidMainManifest UP-TO-DATE
> Task :shared:generateAndroidHostTestResources FROM-CACHE
> Task :core:i18n:parseAndroidMainLocalResources UP-TO-DATE
> Task :feature:auth:processAndroidMainManifest UP-TO-DATE
> Task :feature:crew:processAndroidMainManifest UP-TO-DATE
> Task :core:i18n:generateAndroidMainRFile UP-TO-DATE
> Task :feature:ingredient:processAndroidMainManifest UP-TO-DATE
> Task :feature:feed:processAndroidMainManifest UP-TO-DATE
> Task :core:presentation:processAndroidMainManifest UP-TO-DATE
> Task :core:designsystem:processAndroidMainManifest UP-TO-DATE
> Task :feature:meal-ai:processAndroidMainManifest UP-TO-DATE
> Task :feature:meal:processAndroidMainManifest UP-TO-DATE
> Task :feature:notifications:processAndroidMainManifest UP-TO-DATE
> Task :feature:stats:processAndroidMainManifest UP-TO-DATE
> Task :core:i18n:compileAndroidMainLibraryResources UP-TO-DATE
> Task :core:domain:compileAndroidMain UP-TO-DATE
> Task :feature:crew:compileAndroidMainLibraryResources FROM-CACHE
> Task :feature:auth:compileAndroidMainLibraryResources FROM-CACHE
> Task :core:domain:bundleAndroidMainClassesToCompileJar UP-TO-DATE
> Task :feature:achievements:compileAndroidMainLibraryResources FROM-CACHE
> Task :feature:meal:compileAndroidMainLibraryResources FROM-CACHE
> Task :feature:feed:compileAndroidMainLibraryResources FROM-CACHE
> Task :feature:notifications:compileAndroidMainLibraryResources UP-TO-DATE
> Task :feature:ingredient:compileAndroidMainLibraryResources FROM-CACHE
> Task :feature:meal-ai:compileAndroidMainLibraryResources FROM-CACHE
> Task :shared:convertXmlValueResourcesForAndroidHostTest NO-SOURCE
> Task :core:i18n:compileAndroidMain UP-TO-DATE
> Task :core:i18n:bundleAndroidMainClassesToCompileJar UP-TO-DATE
> Task :shared:copyNonXmlValueResourcesForAndroidHostTest NO-SOURCE
> Task :shared:copyNonXmlValueResourcesForCommonTest NO-SOURCE
> Task :feature:stats:compileAndroidMainLibraryResources FROM-CACHE
> Task :shared:prepareComposeResourcesTaskForAndroidHostTest NO-SOURCE
> Task :shared:convertXmlValueResourcesForCommonTest NO-SOURCE
> Task :shared:generateResourceAccessorsForAndroidHostTest NO-SOURCE
> Task :core:domain:bundleAndroidMainClassesToRuntimeJar UP-TO-DATE
> Task :core:domain:processAndroidMainJavaRes UP-TO-DATE
> Task :shared:prepareComposeResourcesTaskForCommonTest NO-SOURCE
> Task :core:i18n:bundleAndroidMainClassesToRuntimeJar UP-TO-DATE
> Task :shared:generateResourceAccessorsForCommonTest NO-SOURCE
> Task :core:i18n:processAndroidMainJavaRes UP-TO-DATE
> Task :shared:processAndroidHostTestJavaRes
> Task :androidApp:printDebugSha UP-TO-DATE
> Task :androidApp:preBuild UP-TO-DATE
> Task :androidApp:preReleaseBuild UP-TO-DATE
> Task :core:presentation:compileAndroidMain UP-TO-DATE
> Task :androidApp:injectCrashlyticsMappingFileIdRelease
> Task :core:presentation:bundleAndroidMainClassesToCompileJar UP-TO-DATE
> Task :core:presentation:processAndroidMainJavaRes UP-TO-DATE
> Task :core:presentation:bundleAndroidMainClassesToRuntimeJar UP-TO-DATE
> Task :androidApp:processReleaseGoogleServices UP-TO-DATE
> Task :androidApp:extractDeepLinksRelease UP-TO-DATE
> Task :core:designsystem:compileAndroidMain UP-TO-DATE
> Task :core:designsystem:bundleAndroidMainClassesToCompileJar UP-TO-DATE
> Task :core:designsystem:bundleAndroidMainClassesToRuntimeJar UP-TO-DATE
> Task :core:designsystem:processAndroidMainJavaRes UP-TO-DATE
> Task :core:data:compileAndroidMain UP-TO-DATE
> Task :core:data:bundleAndroidMainClassesToCompileJar UP-TO-DATE
> Task :shared:mapAndroidHostTestSourceSetPaths
> Task :feature:achievements:compileAndroidMain UP-TO-DATE
> Task :feature:crew:compileAndroidMain UP-TO-DATE
> Task :feature:auth:compileAndroidMain UP-TO-DATE
> Task :feature:crew:bundleAndroidMainClassesToCompileJar UP-TO-DATE
> Task :feature:feed:compileAndroidMain UP-TO-DATE
> Task :feature:feed:bundleAndroidMainClassesToCompileJar UP-TO-DATE
> Task :feature:ingredient:compileAndroidMain UP-TO-DATE
> Task :feature:ingredient:bundleAndroidMainClassesToCompileJar UP-TO-DATE
> Task :feature:auth:bundleAndroidMainClassesToCompileJar UP-TO-DATE
> Task :feature:meal-ai:compileAndroidMain UP-TO-DATE
> Task :feature:meal-ai:bundleAndroidMainClassesToCompileJar UP-TO-DATE
> Task :core:data:bundleAndroidMainClassesToRuntimeJar UP-TO-DATE
> Task :core:data:processAndroidMainJavaRes UP-TO-DATE
> Task :feature:achievements:bundleAndroidMainClassesToRuntimeJar UP-TO-DATE
> Task :feature:achievements:processAndroidMainJavaRes UP-TO-DATE
> Task :feature:auth:bundleAndroidMainClassesToRuntimeJar UP-TO-DATE
> Task :feature:achievements:bundleAndroidMainClassesToCompileJar UP-TO-DATE
> Task :feature:auth:processAndroidMainJavaRes UP-TO-DATE
> Task :feature:crew:bundleAndroidMainClassesToRuntimeJar UP-TO-DATE
> Task :feature:crew:processAndroidMainJavaRes UP-TO-DATE
> Task :feature:feed:bundleAndroidMainClassesToRuntimeJar UP-TO-DATE
> Task :feature:feed:processAndroidMainJavaRes UP-TO-DATE
> Task :feature:ingredient:bundleAndroidMainClassesToRuntimeJar UP-TO-DATE
> Task :feature:ingredient:processAndroidMainJavaRes UP-TO-DATE
> Task :feature:meal-ai:bundleAndroidMainClassesToRuntimeJar UP-TO-DATE
> Task :feature:meal-ai:processAndroidMainJavaRes UP-TO-DATE
> Task :feature:stats:compileAndroidMain UP-TO-DATE
> Task :feature:notifications:compileAndroidMain UP-TO-DATE
> Task :feature:stats:bundleAndroidMainClassesToCompileJar UP-TO-DATE
> Task :feature:stats:bundleAndroidMainClassesToRuntimeJar UP-TO-DATE
> Task :feature:stats:processAndroidMainJavaRes UP-TO-DATE
> Task :feature:notifications:bundleAndroidMainClassesToCompileJar UP-TO-DATE
> Task :feature:notifications:bundleAndroidMainClassesToRuntimeJar UP-TO-DATE
> Task :feature:notifications:processAndroidMainJavaRes UP-TO-DATE
> Task :feature:meal:compileAndroidMain UP-TO-DATE
> Task :feature:meal:bundleAndroidMainClassesToRuntimeJar UP-TO-DATE
> Task :feature:meal:processAndroidMainJavaRes UP-TO-DATE
> Task :feature:meal:bundleAndroidMainClassesToCompileJar UP-TO-DATE
> Task :shared:checkAndroidHostTestAarMetadata
> Task :shared:mergeAndroidHostTestAssets
> Task :shared:processAndroidHostTestManifest
> Task :androidApp:processReleaseMainManifest
> Task :shared:mergeAndroidHostTestResources
> Task :shared:processAndroidHostTestResources
> Task :shared:packageAndroidHostTestForUnitTest
> Task :shared:generateAndroidHostTestConfig
> Task :shared:compileAndroidMain
> Task :shared:processAndroidMainJavaRes UP-TO-DATE
> Task :shared:bundleAndroidMainClassesToRuntimeJar
> Task :shared:bundleAndroidMainClassesToCompileJar
> Task :shared:compileAndroidHostTest
> Task :shared:testAndroidHostTest

BUILD SUCCESSFUL in 11s
277 actionable tasks: 31 executed, 10 from cache, 236 up-to-date
Configuration cache entry stored.
