Calculating task graph as no cached configuration is available for tasks: :feature:notifications:testAndroidHostTest :androidApp:assembleRelease
Type-safe project accessors is an incubating feature.
> Task :core:data:generateExpectResourceCollectorsForCommonMain SKIPPED
> Task :core:data:generateComposeResClass SKIPPED
> Task :core:designsystem:kmpPartiallyResolvedDependenciesChecker
> Task :core:data:convertXmlValueResourcesForCommonMain NO-SOURCE
> Task :core:data:kmpPartiallyResolvedDependenciesChecker
> Task :core:designsystem:copyNonXmlValueResourcesForAndroidMain NO-SOURCE
> Task :core:data:convertXmlValueResourcesForAndroidMain NO-SOURCE
> Task :core:designsystem:checkKotlinGradlePluginConfigurationErrors SKIPPED
> Task :core:i18n:kmpPartiallyResolvedDependenciesChecker
> Task :core:designsystem:convertXmlValueResourcesForCommonMain NO-SOURCE
> Task :core:data:checkKotlinGradlePluginConfigurationErrors SKIPPED
> Task :core:data:copyNonXmlValueResourcesForAndroidMain NO-SOURCE
> Task :core:data:copyNonXmlValueResourcesForCommonMain NO-SOURCE
> Task :core:i18n:convertXmlValueResourcesForAndroidMain NO-SOURCE
> Task :core:designsystem:convertXmlValueResourcesForAndroidMain NO-SOURCE
> Task :core:i18n:checkKotlinGradlePluginConfigurationErrors SKIPPED
> Task :core:i18n:copyNonXmlValueResourcesForAndroidMain NO-SOURCE
> Task :core:i18n:androidPreBuild UP-TO-DATE
> Task :core:i18n:preAndroidMainBuild UP-TO-DATE
> Task :core:designsystem:prepareComposeResourcesTaskForAndroidMain NO-SOURCE
> Task :core:data:prepareComposeResourcesTaskForCommonMain NO-SOURCE
> Task :core:i18n:prepareComposeResourcesTaskForAndroidMain NO-SOURCE
> Task :core:data:prepareComposeResourcesTaskForAndroidMain NO-SOURCE
> Task :core:designsystem:generateResourceAccessorsForAndroidMain NO-SOURCE
> Task :core:data:generateResourceAccessorsForCommonMain SKIPPED
> Task :core:designsystem:androidPreBuild UP-TO-DATE
> Task :core:i18n:generateResourceAccessorsForAndroidMain NO-SOURCE
> Task :core:data:generateResourceAccessorsForAndroidMain SKIPPED
> Task :core:designsystem:preAndroidMainBuild UP-TO-DATE
> Task :core:data:generateActualResourceCollectorsForAndroidMain SKIPPED
> Task :core:data:androidPreBuild UP-TO-DATE
> Task :core:domain:androidPreBuild UP-TO-DATE
> Task :core:domain:kmpPartiallyResolvedDependenciesChecker
> Task :core:domain:preAndroidMainBuild UP-TO-DATE
> Task :core:data:preAndroidMainBuild UP-TO-DATE
> Task :core:domain:checkKotlinGradlePluginConfigurationErrors SKIPPED
> Task :core:presentation:kmpPartiallyResolvedDependenciesChecker
> Task :core:presentation:convertXmlValueResourcesForAndroidMain NO-SOURCE
> Task :core:presentation:checkKotlinGradlePluginConfigurationErrors SKIPPED
> Task :core:presentation:copyNonXmlValueResourcesForAndroidMain NO-SOURCE
> Task :core:i18n:generateAndroidMainEmptyResourceFiles
> Task :core:presentation:prepareComposeResourcesTaskForAndroidMain NO-SOURCE
> Task :core:presentation:convertXmlValueResourcesForCommonMain NO-SOURCE
> Task :core:presentation:generateComposeResClass SKIPPED
> Task :core:presentation:generateResourceAccessorsForAndroidMain SKIPPED
> Task :core:presentation:copyNonXmlValueResourcesForCommonMain NO-SOURCE
> Task :core:presentation:generateExpectResourceCollectorsForCommonMain SKIPPED
> Task :core:presentation:androidPreBuild UP-TO-DATE
> Task :core:presentation:preAndroidMainBuild UP-TO-DATE
> Task :feature:notifications:kmpPartiallyResolvedDependenciesChecker
> Task :feature:notifications:checkKotlinGradlePluginConfigurationErrors SKIPPED
> Task :core:presentation:prepareComposeResourcesTaskForCommonMain NO-SOURCE
> Task :core:presentation:generateResourceAccessorsForCommonMain SKIPPED
> Task :feature:notifications:copyNonXmlValueResourcesForAndroidMain NO-SOURCE
> Task :core:presentation:generateActualResourceCollectorsForAndroidMain SKIPPED
> Task :feature:notifications:convertXmlValueResourcesForAndroidMain NO-SOURCE
> Task :feature:notifications:androidPreBuild UP-TO-DATE
> Task :feature:notifications:preAndroidMainBuild UP-TO-DATE
> Task :feature:notifications:prepareComposeResourcesTaskForAndroidMain NO-SOURCE
> Task :feature:notifications:copyNonXmlValueResourcesForCommonMain NO-SOURCE
> Task :feature:notifications:generateResourceAccessorsForAndroidMain NO-SOURCE
> Task :core:i18n:convertXmlValueResourcesForCommonMain
> Task :feature:notifications:generateAndroidMainEmptyResourceFiles
> Task :core:i18n:copyNonXmlValueResourcesForCommonMain NO-SOURCE
> Task :core:i18n:prepareComposeResourcesTaskForCommonMain
> Task :feature:notifications:convertXmlValueResourcesForCommonMain
> Task :core:designsystem:copyNonXmlValueResourcesForCommonMain
> Task :core:i18n:copyAndroidMainComposeResourcesToAndroidAssets
> Task :core:designsystem:prepareComposeResourcesTaskForCommonMain
> Task :core:designsystem:generateComposeResClass
> Task :core:i18n:generateComposeResClass
> Task :feature:notifications:generateComposeResClass
> Task :core:designsystem:generateExpectResourceCollectorsForCommonMain
> Task :core:i18n:generateAndroidMainAssets UP-TO-DATE
> Task :feature:notifications:generateAndroidHostTestAssets UP-TO-DATE
> Task :feature:notifications:generateAndroidMainAssets UP-TO-DATE
> Task :feature:notifications:preAndroidHostTestBuild UP-TO-DATE
> Task :feature:notifications:generateExpectResourceCollectorsForCommonMain
> Task :core:i18n:generateExpectResourceCollectorsForCommonMain
> Task :core:designsystem:generateResourceAccessorsForCommonMain
> Task :feature:notifications:prepareComposeResourcesTaskForCommonMain
> Task :feature:notifications:androidJar UP-TO-DATE
> Task :core:i18n:generateResourceAccessorsForCommonMain
> Task :feature:notifications:copyAndroidMainComposeResourcesToAndroidAssets
> Task :core:designsystem:generateActualResourceCollectorsForAndroidMain
> Task :core:i18n:generateActualResourceCollectorsForAndroidMain
> Task :core:designsystem:writeAndroidMainAarMetadata
> Task :core:presentation:writeAndroidMainAarMetadata
> Task :core:i18n:writeAndroidMainAarMetadata
> Task :feature:notifications:writeAndroidMainAarMetadata
> Task :feature:notifications:packageAndroidMainResources
> Task :core:designsystem:generateAndroidMainEmptyResourceFiles
> Task :core:i18n:packageAndroidMainResources
> Task :core:data:generateAndroidMainEmptyResourceFiles
> Task :feature:notifications:generateResourceAccessorsForCommonMain
> Task :feature:notifications:generateActualResourceCollectorsForAndroidMain
> Task :core:domain:generateAndroidMainEmptyResourceFiles
> Task :core:presentation:generateAndroidMainEmptyResourceFiles
> Task :feature:notifications:mergeAndroidMainAssets
> Task :feature:notifications:generateAndroidHostTestResources
> Task :feature:notifications:parseAndroidMainLocalResources
> Task :feature:notifications:compileAndroidMainLibraryResources
> Task :core:data:writeAndroidMainAarMetadata
> Task :feature:notifications:generateAndroidMainRFile
> Task :core:designsystem:processAndroidMainManifest
> Task :core:data:processAndroidMainManifest
> Task :core:domain:processAndroidMainManifest
> Task :feature:notifications:processAndroidMainManifest
> Task :feature:notifications:convertXmlValueResourcesForAndroidHostTest NO-SOURCE
> Task :feature:notifications:copyNonXmlValueResourcesForAndroidHostTest NO-SOURCE
> Task :feature:notifications:prepareComposeResourcesTaskForAndroidHostTest NO-SOURCE
> Task :feature:notifications:generateResourceAccessorsForAndroidHostTest NO-SOURCE
> Task :feature:notifications:convertXmlValueResourcesForCommonTest NO-SOURCE
> Task :feature:notifications:copyNonXmlValueResourcesForCommonTest NO-SOURCE
> Task :feature:notifications:prepareComposeResourcesTaskForCommonTest NO-SOURCE
> Task :feature:notifications:generateResourceAccessorsForCommonTest NO-SOURCE
> Task :feature:notifications:processAndroidHostTestJavaRes NO-SOURCE
> Task :androidApp:printDebugSha
> Task :androidApp:preBuild
> Task :androidApp:preReleaseBuild
> Task :core:i18n:parseAndroidMainLocalResources
> Task :androidApp:mergeReleaseJniLibFolders
> Task :shared:androidPreBuild UP-TO-DATE
> Task :shared:preAndroidMainBuild UP-TO-DATE
> Task :shared:mergeAndroidMainJniLibFolders
> Task :shared:mergeAndroidMainNativeLibs NO-SOURCE
> Task :core:i18n:processAndroidMainManifest
> Task :core:data:mergeAndroidMainJniLibFolders
> Task :core:data:mergeAndroidMainNativeLibs NO-SOURCE
> Task :core:presentation:processAndroidMainManifest
> Task :shared:copyAndroidMainJniLibsProjectOnly
> Task :core:domain:writeAndroidMainAarMetadata
> Task :core:designsystem:mergeAndroidMainJniLibFolders
> Task :core:designsystem:mergeAndroidMainNativeLibs NO-SOURCE
> Task :core:designsystem:copyAndroidMainJniLibsProjectOnly
> Task :core:domain:mergeAndroidMainJniLibFolders
> Task :core:domain:mergeAndroidMainNativeLibs NO-SOURCE
> Task :core:domain:copyAndroidMainJniLibsProjectOnly
> Task :core:data:copyAndroidMainJniLibsProjectOnly
> Task :feature:notifications:mapAndroidHostTestSourceSetPaths
> Task :feature:achievements:androidPreBuild UP-TO-DATE
> Task :feature:achievements:preAndroidMainBuild UP-TO-DATE
> Task :core:i18n:mergeAndroidMainJniLibFolders
> Task :core:presentation:mergeAndroidMainJniLibFolders
> Task :core:i18n:compileAndroidMainLibraryResources
> Task :feature:auth:androidPreBuild UP-TO-DATE
> Task :feature:auth:preAndroidMainBuild UP-TO-DATE
> Task :core:i18n:mergeAndroidMainNativeLibs NO-SOURCE
> Task :core:presentation:mergeAndroidMainNativeLibs NO-SOURCE
> Task :feature:achievements:mergeAndroidMainJniLibFolders
> Task :feature:achievements:mergeAndroidMainNativeLibs NO-SOURCE
> Task :core:i18n:generateAndroidMainRFile
> Task :feature:auth:mergeAndroidMainJniLibFolders
> Task :feature:auth:mergeAndroidMainNativeLibs NO-SOURCE
> Task :core:i18n:mergeAndroidMainAssets
> Task :core:i18n:copyAndroidMainJniLibsProjectOnly
> Task :feature:achievements:copyAndroidMainJniLibsProjectOnly
> Task :feature:crew:androidPreBuild UP-TO-DATE
> Task :feature:crew:preAndroidMainBuild UP-TO-DATE
> Task :core:presentation:copyAndroidMainJniLibsProjectOnly
> Task :feature:feed:androidPreBuild UP-TO-DATE
> Task :feature:feed:preAndroidMainBuild UP-TO-DATE
> Task :feature:auth:copyAndroidMainJniLibsProjectOnly
> Task :feature:meal:androidPreBuild UP-TO-DATE
> Task :feature:ingredient:androidPreBuild UP-TO-DATE
> Task :feature:ingredient:preAndroidMainBuild UP-TO-DATE
> Task :feature:meal:preAndroidMainBuild UP-TO-DATE
> Task :feature:feed:mergeAndroidMainJniLibFolders
> Task :feature:feed:mergeAndroidMainNativeLibs NO-SOURCE
> Task :feature:notifications:checkAndroidHostTestAarMetadata
> Task :feature:meal-ai:androidPreBuild UP-TO-DATE
> Task :feature:meal-ai:preAndroidMainBuild UP-TO-DATE
> Task :feature:meal-ai:mergeAndroidMainJniLibFolders
> Task :feature:meal-ai:mergeAndroidMainNativeLibs NO-SOURCE
> Task :feature:meal-ai:copyAndroidMainJniLibsProjectOnly
> Task :feature:notifications:mergeAndroidMainJniLibFolders
> Task :feature:notifications:mergeAndroidMainNativeLibs NO-SOURCE
> Task :feature:notifications:copyAndroidMainJniLibsProjectOnly
> Task :feature:stats:androidPreBuild UP-TO-DATE
> Task :feature:stats:preAndroidMainBuild UP-TO-DATE
> Task :feature:crew:mergeAndroidMainJniLibFolders
> Task :feature:crew:mergeAndroidMainNativeLibs NO-SOURCE
> Task :feature:feed:copyAndroidMainJniLibsProjectOnly
> Task :shared:kmpPartiallyResolvedDependenciesChecker
> Task :shared:checkKotlinGradlePluginConfigurationErrors SKIPPED
> Task :shared:convertXmlValueResourcesForAndroidMain NO-SOURCE
> Task :shared:copyNonXmlValueResourcesForAndroidMain NO-SOURCE
> Task :shared:prepareComposeResourcesTaskForAndroidMain NO-SOURCE
> Task :shared:generateResourceAccessorsForAndroidMain NO-SOURCE
> Task :shared:convertXmlValueResourcesForCommonMain
> Task :shared:copyNonXmlValueResourcesForCommonMain NO-SOURCE
> Task :shared:prepareComposeResourcesTaskForCommonMain
> Task :shared:generateResourceAccessorsForCommonMain
> Task :shared:generateActualResourceCollectorsForAndroidMain
> Task :shared:generateAndroidMainEmptyResourceFiles
> Task :shared:copyAndroidMainComposeResourcesToAndroidAssets
> Task :shared:packageAndroidMainResources
> Task :shared:parseAndroidMainLocalResources FROM-CACHE
> Task :shared:generateAndroidMainRFile
> Task :shared:generateComposeResClass
> Task :feature:notifications:processAndroidHostTestManifest
> Task :feature:achievements:kmpPartiallyResolvedDependenciesChecker
> Task :feature:achievements:checkKotlinGradlePluginConfigurationErrors SKIPPED
> Task :shared:generateExpectResourceCollectorsForCommonMain
> Task :feature:achievements:copyNonXmlValueResourcesForAndroidMain NO-SOURCE
> Task :feature:achievements:convertXmlValueResourcesForAndroidMain NO-SOURCE
> Task :feature:achievements:prepareComposeResourcesTaskForAndroidMain NO-SOURCE
> Task :feature:achievements:convertXmlValueResourcesForCommonMain
> Task :feature:achievements:copyNonXmlValueResourcesForCommonMain NO-SOURCE
> Task :feature:achievements:generateResourceAccessorsForAndroidMain NO-SOURCE
> Task :feature:achievements:prepareComposeResourcesTaskForCommonMain
> Task :feature:achievements:generateAndroidMainEmptyResourceFiles
> Task :feature:achievements:copyAndroidMainComposeResourcesToAndroidAssets
> Task :feature:ingredient:mergeAndroidMainJniLibFolders
> Task :feature:ingredient:mergeAndroidMainNativeLibs NO-SOURCE
> Task :feature:meal:mergeAndroidMainJniLibFolders
> Task :feature:meal:mergeAndroidMainNativeLibs NO-SOURCE
> Task :feature:crew:copyAndroidMainJniLibsProjectOnly
> Task :feature:achievements:packageAndroidMainResources
> Task :feature:stats:mergeAndroidMainJniLibFolders
> Task :feature:ingredient:copyAndroidMainJniLibsProjectOnly
> Task :feature:meal:copyAndroidMainJniLibsProjectOnly
> Task :feature:stats:mergeAndroidMainNativeLibs NO-SOURCE
> Task :feature:auth:kmpPartiallyResolvedDependenciesChecker
> Task :feature:auth:checkKotlinGradlePluginConfigurationErrors SKIPPED
> Task :feature:achievements:parseAndroidMainLocalResources FROM-CACHE
> Task :feature:auth:convertXmlValueResourcesForAndroidMain NO-SOURCE
> Task :feature:auth:copyNonXmlValueResourcesForAndroidMain NO-SOURCE
> Task :feature:auth:prepareComposeResourcesTaskForAndroidMain NO-SOURCE
> Task :feature:auth:generateResourceAccessorsForAndroidMain NO-SOURCE
> Task :feature:stats:copyAndroidMainJniLibsProjectOnly
> Task :feature:achievements:generateComposeResClass
> Task :feature:achievements:generateExpectResourceCollectorsForCommonMain
> Task :feature:auth:generateAndroidMainEmptyResourceFiles
> Task :feature:achievements:generateResourceAccessorsForCommonMain
> Task :feature:auth:generateComposeResClass
> Task :feature:auth:convertXmlValueResourcesForCommonMain
> Task :feature:crew:kmpPartiallyResolvedDependenciesChecker
> Task :feature:crew:checkKotlinGradlePluginConfigurationErrors SKIPPED
> Task :feature:auth:generateExpectResourceCollectorsForCommonMain
> Task :feature:crew:convertXmlValueResourcesForAndroidMain NO-SOURCE
> Task :feature:auth:copyNonXmlValueResourcesForCommonMain NO-SOURCE
> Task :feature:crew:copyNonXmlValueResourcesForAndroidMain NO-SOURCE
> Task :feature:crew:prepareComposeResourcesTaskForAndroidMain NO-SOURCE
> Task :feature:crew:generateResourceAccessorsForAndroidMain NO-SOURCE
> Task :feature:auth:prepareComposeResourcesTaskForCommonMain
> Task :feature:crew:generateAndroidMainEmptyResourceFiles
> Task :feature:achievements:generateActualResourceCollectorsForAndroidMain
> Task :feature:crew:convertXmlValueResourcesForCommonMain
> Task :feature:auth:copyAndroidMainComposeResourcesToAndroidAssets
> Task :feature:crew:copyNonXmlValueResourcesForCommonMain NO-SOURCE
> Task :feature:crew:prepareComposeResourcesTaskForCommonMain
> Task :feature:auth:packageAndroidMainResources
> Task :feature:auth:parseAndroidMainLocalResources FROM-CACHE
> Task :feature:crew:generateComposeResClass
> Task :feature:crew:copyAndroidMainComposeResourcesToAndroidAssets
> Task :feature:crew:packageAndroidMainResources
> Task :feature:crew:parseAndroidMainLocalResources FROM-CACHE
> Task :feature:crew:generateAndroidMainRFile
> Task :feature:crew:generateResourceAccessorsForCommonMain
> Task :feature:auth:generateResourceAccessorsForCommonMain
> Task :feature:crew:generateExpectResourceCollectorsForCommonMain
> Task :feature:feed:kmpPartiallyResolvedDependenciesChecker
> Task :feature:auth:generateActualResourceCollectorsForAndroidMain
> Task :feature:crew:generateActualResourceCollectorsForAndroidMain
> Task :feature:feed:copyNonXmlValueResourcesForAndroidMain NO-SOURCE
> Task :feature:feed:convertXmlValueResourcesForAndroidMain NO-SOURCE
> Task :feature:feed:prepareComposeResourcesTaskForAndroidMain NO-SOURCE
> Task :feature:feed:checkKotlinGradlePluginConfigurationErrors SKIPPED
> Task :feature:feed:generateResourceAccessorsForAndroidMain NO-SOURCE
> Task :feature:feed:generateAndroidMainEmptyResourceFiles
> Task :feature:feed:convertXmlValueResourcesForCommonMain
> Task :feature:feed:copyNonXmlValueResourcesForCommonMain NO-SOURCE
> Task :feature:feed:prepareComposeResourcesTaskForCommonMain
> Task :feature:feed:generateComposeResClass
> Task :feature:feed:generateExpectResourceCollectorsForCommonMain
> Task :feature:ingredient:kmpPartiallyResolvedDependenciesChecker
> Task :feature:ingredient:checkKotlinGradlePluginConfigurationErrors SKIPPED
> Task :feature:ingredient:convertXmlValueResourcesForAndroidMain NO-SOURCE
> Task :feature:ingredient:copyNonXmlValueResourcesForAndroidMain NO-SOURCE
> Task :feature:ingredient:prepareComposeResourcesTaskForAndroidMain NO-SOURCE
> Task :feature:ingredient:generateResourceAccessorsForAndroidMain NO-SOURCE
> Task :feature:feed:copyAndroidMainComposeResourcesToAndroidAssets
> Task :feature:feed:packageAndroidMainResources
> Task :feature:ingredient:convertXmlValueResourcesForCommonMain
> Task :feature:feed:parseAndroidMainLocalResources FROM-CACHE
> Task :feature:ingredient:copyNonXmlValueResourcesForCommonMain NO-SOURCE
> Task :feature:ingredient:prepareComposeResourcesTaskForCommonMain
> Task :feature:ingredient:generateResourceAccessorsForCommonMain
> Task :feature:ingredient:generateActualResourceCollectorsForAndroidMain
> Task :feature:ingredient:generateAndroidMainEmptyResourceFiles
> Task :feature:feed:generateAndroidMainRFile
> Task :feature:ingredient:copyAndroidMainComposeResourcesToAndroidAssets
> Task :feature:ingredient:generateComposeResClass
> Task :feature:feed:generateResourceAccessorsForCommonMain
> Task :feature:ingredient:packageAndroidMainResources
> Task :feature:ingredient:generateExpectResourceCollectorsForCommonMain
> Task :feature:meal:kmpPartiallyResolvedDependenciesChecker
> Task :feature:meal:checkKotlinGradlePluginConfigurationErrors SKIPPED
> Task :feature:meal:convertXmlValueResourcesForAndroidMain NO-SOURCE
> Task :feature:meal:copyNonXmlValueResourcesForAndroidMain NO-SOURCE
> Task :feature:ingredient:parseAndroidMainLocalResources FROM-CACHE
> Task :feature:meal:prepareComposeResourcesTaskForAndroidMain NO-SOURCE
> Task :feature:meal:generateResourceAccessorsForAndroidMain NO-SOURCE
> Task :feature:feed:generateActualResourceCollectorsForAndroidMain
> Task :feature:meal:generateAndroidMainEmptyResourceFiles
> Task :feature:meal:convertXmlValueResourcesForCommonMain
> Task :feature:meal:copyNonXmlValueResourcesForCommonMain NO-SOURCE
> Task :feature:meal:generateComposeResClass
> Task :feature:meal:prepareComposeResourcesTaskForCommonMain
> Task :feature:meal:generateExpectResourceCollectorsForCommonMain
> Task :feature:meal:copyAndroidMainComposeResourcesToAndroidAssets
> Task :feature:meal:packageAndroidMainResources
> Task :feature:meal:parseAndroidMainLocalResources FROM-CACHE
> Task :feature:meal:generateResourceAccessorsForCommonMain
> Task :feature:meal:generateActualResourceCollectorsForAndroidMain
> Task :feature:meal-ai:kmpPartiallyResolvedDependenciesChecker
> Task :feature:meal-ai:checkKotlinGradlePluginConfigurationErrors SKIPPED
> Task :feature:meal-ai:convertXmlValueResourcesForAndroidMain NO-SOURCE
> Task :feature:meal-ai:copyNonXmlValueResourcesForAndroidMain NO-SOURCE
> Task :feature:meal-ai:prepareComposeResourcesTaskForAndroidMain NO-SOURCE
> Task :feature:meal-ai:generateResourceAccessorsForAndroidMain NO-SOURCE
> Task :feature:meal-ai:convertXmlValueResourcesForCommonMain
> Task :feature:ingredient:generateAndroidMainRFile
> Task :feature:meal-ai:generateAndroidMainEmptyResourceFiles
> Task :feature:meal-ai:copyNonXmlValueResourcesForCommonMain
> Task :feature:meal-ai:prepareComposeResourcesTaskForCommonMain
> Task :feature:meal-ai:generateResourceAccessorsForCommonMain
> Task :feature:meal-ai:generateComposeResClass
> Task :feature:meal-ai:generateActualResourceCollectorsForAndroidMain
> Task :feature:meal-ai:copyAndroidMainComposeResourcesToAndroidAssets
> Task :feature:meal-ai:packageAndroidMainResources
> Task :feature:meal-ai:generateExpectResourceCollectorsForCommonMain
> Task :feature:meal-ai:parseAndroidMainLocalResources FROM-CACHE
> Task :feature:stats:kmpPartiallyResolvedDependenciesChecker
> Task :feature:stats:checkKotlinGradlePluginConfigurationErrors SKIPPED
> Task :feature:stats:convertXmlValueResourcesForAndroidMain NO-SOURCE
> Task :feature:stats:copyNonXmlValueResourcesForAndroidMain NO-SOURCE
> Task :feature:stats:prepareComposeResourcesTaskForAndroidMain NO-SOURCE
> Task :feature:stats:generateResourceAccessorsForAndroidMain NO-SOURCE
> Task :feature:achievements:generateAndroidMainRFile
> Task :feature:stats:convertXmlValueResourcesForCommonMain
> Task :feature:stats:generateAndroidMainEmptyResourceFiles
> Task :feature:stats:copyNonXmlValueResourcesForCommonMain NO-SOURCE
> Task :feature:stats:prepareComposeResourcesTaskForCommonMain
> Task :feature:stats:generateComposeResClass
> Task :feature:stats:copyAndroidMainComposeResourcesToAndroidAssets
> Task :feature:stats:packageAndroidMainResources
> Task :feature:stats:parseAndroidMainLocalResources FROM-CACHE
> Task :feature:stats:generateAndroidMainRFile
> Task :feature:stats:generateExpectResourceCollectorsForCommonMain
> Task :feature:stats:generateResourceAccessorsForCommonMain
> Task :feature:stats:generateActualResourceCollectorsForAndroidMain
> Task :shared:prepareAndroidMainArtProfile
> Task :core:data:prepareAndroidMainArtProfile
> Task :core:designsystem:prepareAndroidMainArtProfile
> Task :core:domain:prepareAndroidMainArtProfile
> Task :core:i18n:prepareAndroidMainArtProfile
> Task :core:presentation:prepareAndroidMainArtProfile
> Task :feature:achievements:prepareAndroidMainArtProfile
> Task :feature:auth:prepareAndroidMainArtProfile
> Task :feature:crew:prepareAndroidMainArtProfile
> Task :feature:feed:prepareAndroidMainArtProfile
> Task :feature:ingredient:prepareAndroidMainArtProfile
> Task :feature:meal:prepareAndroidMainArtProfile
> Task :feature:meal-ai:prepareAndroidMainArtProfile
> Task :feature:notifications:prepareAndroidMainArtProfile
> Task :feature:stats:prepareAndroidMainArtProfile
> Task :feature:meal-ai:generateAndroidMainRFile
> Task :androidApp:generateReleaseBuildConfig
> Task :androidApp:generateReleaseResources
> Task :androidApp:injectCrashlyticsMappingFileIdRelease
> Task :androidApp:processReleaseGoogleServices
> Task :androidApp:packageReleaseResources
> Task :feature:notifications:mergeAndroidHostTestAssets
> Task :feature:meal:generateAndroidMainRFile
> Task :androidApp:javaPreCompileRelease
> Task :shared:writeAndroidMainAarMetadata
> Task :androidApp:mergeReleaseNativeLibs
> Task :feature:auth:writeAndroidMainAarMetadata
> Task :feature:crew:writeAndroidMainAarMetadata
> Task :androidApp:mergeReleaseArtProfile
> Task :feature:auth:generateAndroidMainRFile
> Task :feature:meal:writeAndroidMainAarMetadata
> Task :feature:feed:writeAndroidMainAarMetadata
> Task :feature:meal-ai:writeAndroidMainAarMetadata
> Task :feature:stats:writeAndroidMainAarMetadata
> Task :feature:ingredient:writeAndroidMainAarMetadata
> Task :androidApp:createReleaseCompatibleScreenManifests
> Task :feature:achievements:writeAndroidMainAarMetadata
> Task :androidApp:extractDeepLinksRelease
> Task :androidApp:processReleaseNavigationResources
> Task :shared:processAndroidMainManifest
> Task :androidApp:compileReleaseNavigationResources
> Task :androidApp:mapReleaseSourceSetPaths
> Task :feature:achievements:processAndroidMainManifest
> Task :feature:crew:processAndroidMainManifest
> Task :feature:auth:processAndroidMainManifest
> Task :feature:feed:processAndroidMainManifest
> Task :feature:ingredient:processAndroidMainManifest
> Task :feature:meal-ai:processAndroidMainManifest
> Task :feature:meal:processAndroidMainManifest
> Task :androidApp:checkReleaseAarMetadata
> Task :androidApp:mergeReleaseStartupProfile
> Task :androidApp:generateReleaseAssets UP-TO-DATE
> Task :shared:generateAndroidMainAssets UP-TO-DATE
> Task :androidApp:parseReleaseLocalResources
> Task :androidApp:extractProguardFiles
> Task :feature:achievements:generateAndroidMainAssets UP-TO-DATE
> Task :shared:mergeAndroidMainAssets
> Task :feature:auth:generateAndroidMainAssets UP-TO-DATE
> Task :feature:stats:processAndroidMainManifest
> Task :feature:achievements:mergeAndroidMainAssets
> Task :feature:crew:generateAndroidMainAssets UP-TO-DATE
> Task :androidApp:generateReleaseRFile
> Task :feature:feed:generateAndroidMainAssets UP-TO-DATE
> Task :feature:auth:mergeAndroidMainAssets
> Task :feature:ingredient:generateAndroidMainAssets UP-TO-DATE
> Task :feature:crew:mergeAndroidMainAssets
> Task :feature:meal:generateAndroidMainAssets UP-TO-DATE

> Task :androidApp:stripReleaseDebugSymbols
Unable to strip the following libraries, packaging them as they are: libandroidx.graphics.path.so, libdatastore_shared_counter.so, libimage_processing_util_jni.so, libmediapipe_tasks_jni.so, libsurface_util_jni.so. Run with --info option to learn more.

> Task :androidApp:extractReleaseNativeSymbolTables
> Task :androidApp:mergeReleaseNativeDebugMetadata NO-SOURCE
> Task :feature:meal-ai:generateAndroidMainAssets UP-TO-DATE
> Task :feature:ingredient:mergeAndroidMainAssets
> Task :feature:stats:generateAndroidMainAssets UP-TO-DATE
> Task :feature:meal:mergeAndroidMainAssets
> Task :feature:stats:mergeAndroidMainAssets
> Task :feature:feed:mergeAndroidMainAssets
> Task :feature:meal-ai:mergeAndroidMainAssets
> Task :core:data:prepareLintJarForPublish
> Task :androidApp:extractReleaseVersionControlInfo
> Task :shared:prepareLintJarForPublish
> Task :core:domain:prepareLintJarForPublish
> Task :core:designsystem:prepareLintJarForPublish
> Task :core:presentation:prepareLintJarForPublish
> Task :core:i18n:prepareLintJarForPublish
> Task :feature:auth:prepareLintJarForPublish
> Task :feature:feed:prepareLintJarForPublish
> Task :feature:crew:prepareLintJarForPublish
> Task :feature:achievements:prepareLintJarForPublish
> Task :feature:ingredient:prepareLintJarForPublish
> Task :feature:meal:prepareLintJarForPublish
> Task :feature:meal-ai:prepareLintJarForPublish
> Task :feature:notifications:prepareLintJarForPublish
> Task :feature:stats:prepareLintJarForPublish
> Task :feature:crew:checkAndroidMainAarMetadata
> Task :shared:checkAndroidMainAarMetadata
> Task :androidApp:mergeReleaseAssets
> Task :feature:auth:checkAndroidMainAarMetadata
> Task :feature:feed:checkAndroidMainAarMetadata
> Task :feature:meal:checkAndroidMainAarMetadata
> Task :feature:meal-ai:checkAndroidMainAarMetadata
> Task :feature:stats:checkAndroidMainAarMetadata
> Task :feature:ingredient:checkAndroidMainAarMetadata
> Task :feature:notifications:checkAndroidMainAarMetadata
> Task :feature:achievements:checkAndroidMainAarMetadata
> Task :feature:notifications:mergeAndroidHostTestResources
> Task :androidApp:processReleaseMainManifest
> Task :androidApp:processReleaseManifest
> Task :core:domain:compileAndroidMain
> Task :androidApp:processReleaseManifestForPackage
> Task :core:domain:bundleAndroidMainClassesToRuntimeJar
> Task :core:domain:processAndroidMainJavaRes
> Task :core:domain:createFullJarAndroidMain
> Task :core:i18n:compileAndroidMain
> Task :androidApp:checkReleaseDuplicateClasses
> Task :core:i18n:bundleAndroidMainClassesToRuntimeJar
> Task :core:i18n:processAndroidMainJavaRes
> Task :core:i18n:createFullJarAndroidMain
> Task :core:domain:extractAndroidMainAnnotations
> Task :core:i18n:bundleAndroidMainClassesToCompileJar
> Task :core:domain:checkAndroidMainAarMetadata
> Task :core:presentation:checkAndroidMainAarMetadata
> Task :core:domain:mergeAndroidMainJavaResource
> Task :core:domain:syncAndroidMainLibJars
> Task :core:domain:bundleAndroidMainLocalLintAar
> Task :core:i18n:extractAndroidMainAnnotations
> Task :core:designsystem:checkAndroidMainAarMetadata
> Task :core:domain:bundleAndroidMainClassesToCompileJar
> Task :core:data:checkAndroidMainAarMetadata
> Task :core:i18n:checkAndroidMainAarMetadata
> Task :core:i18n:mergeAndroidMainJavaResource
> Task :androidApp:writeReleaseAppMetadata
> Task :core:i18n:syncAndroidMainLibJars
> Task :core:i18n:bundleAndroidMainLocalLintAar
> Task :androidApp:writeReleaseSigningConfigVersions
> Task :androidApp:compressReleaseAssets
> Task :androidApp:collectReleaseDependencies
> Task :androidApp:sdkReleaseDependencyData
> Task :core:designsystem:extractAndroidMainAnnotations
> Task :core:presentation:extractAndroidMainAnnotations
> Task :feature:notifications:processAndroidHostTestResources
> Task :core:presentation:compileAndroidMain
> Task :core:presentation:bundleAndroidMainClassesToCompileJar
> Task :core:presentation:bundleAndroidMainClassesToRuntimeJar
> Task :core:presentation:processAndroidMainJavaRes
> Task :core:presentation:createFullJarAndroidMain
> Task :core:presentation:mergeAndroidMainJavaResource
> Task :core:presentation:syncAndroidMainLibJars
> Task :feature:notifications:packageAndroidHostTestForUnitTest
> Task :core:presentation:bundleAndroidMainLocalLintAar
> Task :feature:notifications:generateAndroidHostTestConfig
> Task :androidApp:mergeReleaseResources
> Task :androidApp:processReleaseResources

> Task :core:designsystem:compileAndroidMain
w: file:///Users/sebastiancardonahenao/AndroidStudioProjects/FoodRats/core/designsystem/src/commonMain/kotlin/es/schsebastian/foodrats/core/designsystem/atoms/FrIcons.kt:734:51 'val Icons.Filled.ArrowBack: ImageVector' is deprecated. Use the AutoMirrored version at Icons.AutoMirrored.Filled.ArrowBack.

> Task :core:designsystem:processAndroidMainJavaRes
> Task :core:designsystem:bundleAndroidMainClassesToRuntimeJar
> Task :core:designsystem:bundleAndroidMainClassesToCompileJar
> Task :core:designsystem:mergeAndroidMainJavaResource
> Task :core:designsystem:createFullJarAndroidMain
> Task :core:designsystem:syncAndroidMainLibJars
> Task :core:designsystem:bundleAndroidMainLocalLintAar
> Task :core:data:extractAndroidMainAnnotations

> Task :core:data:compileAndroidMain
w: file:///Users/sebastiancardonahenao/AndroidStudioProjects/FoodRats/core/data/src/androidMain/kotlin/es/schsebastian/foodrats/core/data/firebase/FirebaseInitializer.android.kt:11:1 'expect'/'actual' classes (including interfaces, objects, annotations, enums, and 'actual' typealiases) are in Beta. Consider using the '-Xexpect-actual-classes' flag to suppress this warning. Also see: https://youtrack.jetbrains.com/issue/KT-61573
w: file:///Users/sebastiancardonahenao/AndroidStudioProjects/FoodRats/core/data/src/androidMain/kotlin/es/schsebastian/foodrats/core/data/share/StoryCardRenderer.android.kt:38:1 'expect'/'actual' classes (including interfaces, objects, annotations, enums, and 'actual' typealiases) are in Beta. Consider using the '-Xexpect-actual-classes' flag to suppress this warning. Also see: https://youtrack.jetbrains.com/issue/KT-61573
w: file:///Users/sebastiancardonahenao/AndroidStudioProjects/FoodRats/core/data/src/androidMain/kotlin/es/schsebastian/foodrats/core/data/share/StoryShareLauncher.android.kt:22:1 'expect'/'actual' classes (including interfaces, objects, annotations, enums, and 'actual' typealiases) are in Beta. Consider using the '-Xexpect-actual-classes' flag to suppress this warning. Also see: https://youtrack.jetbrains.com/issue/KT-61573
w: file:///Users/sebastiancardonahenao/AndroidStudioProjects/FoodRats/core/data/src/commonMain/kotlin/es/schsebastian/foodrats/core/data/firebase/FirebaseInitializer.kt:3:1 'expect'/'actual' classes (including interfaces, objects, annotations, enums, and 'actual' typealiases) are in Beta. Consider using the '-Xexpect-actual-classes' flag to suppress this warning. Also see: https://youtrack.jetbrains.com/issue/KT-61573
w: file:///Users/sebastiancardonahenao/AndroidStudioProjects/FoodRats/core/data/src/commonMain/kotlin/es/schsebastian/foodrats/core/data/share/StoryCardRenderer.kt:25:1 'expect'/'actual' classes (including interfaces, objects, annotations, enums, and 'actual' typealiases) are in Beta. Consider using the '-Xexpect-actual-classes' flag to suppress this warning. Also see: https://youtrack.jetbrains.com/issue/KT-61573
w: file:///Users/sebastiancardonahenao/AndroidStudioProjects/FoodRats/core/data/src/commonMain/kotlin/es/schsebastian/foodrats/core/data/share/StoryShareLauncher.kt:31:1 'expect'/'actual' classes (including interfaces, objects, annotations, enums, and 'actual' typealiases) are in Beta. Consider using the '-Xexpect-actual-classes' flag to suppress this warning. Also see: https://youtrack.jetbrains.com/issue/KT-61573

> Task :core:data:processAndroidMainJavaRes
> Task :core:data:bundleAndroidMainClassesToCompileJar
> Task :core:data:bundleAndroidMainClassesToRuntimeJar
> Task :core:data:mergeAndroidMainJavaResource
> Task :core:data:createFullJarAndroidMain
> Task :feature:auth:extractAndroidMainAnnotations
> Task :feature:crew:extractAndroidMainAnnotations
> Task :feature:feed:extractAndroidMainAnnotations
> Task :feature:meal:extractAndroidMainAnnotations
> Task :feature:meal-ai:extractAndroidMainAnnotations
> Task :feature:notifications:extractAndroidMainAnnotations
> Task :feature:stats:extractAndroidMainAnnotations
> Task :feature:ingredient:extractAndroidMainAnnotations
> Task :feature:achievements:extractAndroidMainAnnotations
> Task :core:data:syncAndroidMainLibJars
> Task :core:data:bundleAndroidMainLocalLintAar

> Task :feature:meal-ai:compileAndroidMain
w: file:///Users/sebastiancardonahenao/AndroidStudioProjects/FoodRats/feature/meal-ai/src/androidMain/kotlin/es/schsebastian/foodrats/feature/mealai/data/MediaPipeMealClassifier.android.kt:21:10 'expect'/'actual' classes (including interfaces, objects, annotations, enums, and 'actual' typealiases) are in Beta. Consider using the '-Xexpect-actual-classes' flag to suppress this warning. Also see: https://youtrack.jetbrains.com/issue/KT-61573
w: file:///Users/sebastiancardonahenao/AndroidStudioProjects/FoodRats/feature/meal-ai/src/commonMain/kotlin/es/schsebastian/foodrats/feature/mealai/data/MediaPipeMealClassifier.kt:19:10 'expect'/'actual' classes (including interfaces, objects, annotations, enums, and 'actual' typealiases) are in Beta. Consider using the '-Xexpect-actual-classes' flag to suppress this warning. Also see: https://youtrack.jetbrains.com/issue/KT-61573

> Task :feature:meal-ai:bundleAndroidMainClassesToCompileJar
> Task :feature:meal-ai:bundleAndroidMainClassesToRuntimeJar
> Task :feature:meal-ai:processAndroidMainJavaRes
> Task :feature:meal-ai:createFullJarAndroidMain
> Task :feature:meal-ai:mergeAndroidMainJavaResource
> Task :feature:meal-ai:syncAndroidMainLibJars
> Task :feature:meal-ai:bundleAndroidMainLocalLintAar

> Task :feature:achievements:compileAndroidMain
w: file:///Users/sebastiancardonahenao/AndroidStudioProjects/FoodRats/feature/achievements/src/commonMain/kotlin/es/schsebastian/foodrats/feature/achievements/presentation/components/EpochDayFormat.kt:17:22 'val monthNumber: Int' is deprecated. Use the 'month' property instead.
w: file:///Users/sebastiancardonahenao/AndroidStudioProjects/FoodRats/feature/achievements/src/commonMain/kotlin/es/schsebastian/foodrats/feature/achievements/presentation/components/EpochDayFormat.kt:18:20 'val dayOfMonth: Int' is deprecated. Use the 'day' property instead.

> Task :feature:notifications:compileAndroidMain
w: file:///Users/sebastiancardonahenao/AndroidStudioProjects/FoodRats/feature/notifications/src/androidMain/kotlin/es/schsebastian/foodrats/feature/notifications/platform/AndroidFcmTokenProvider.kt:15:21 Unnecessary safe call on a non-null receiver of type 'String'.

> Task :feature:notifications:bundleAndroidMainClassesToCompileJar
> Task :feature:notifications:bundleAndroidMainClassesToRuntimeJar
> Task :feature:notifications:processAndroidMainJavaRes
> Task :feature:ingredient:compileAndroidMain
> Task :feature:notifications:createFullJarAndroidMain
> Task :feature:notifications:mergeAndroidMainJavaResource
> Task :feature:ingredient:bundleAndroidMainClassesToCompileJar
> Task :feature:ingredient:bundleAndroidMainClassesToRuntimeJar
> Task :feature:ingredient:processAndroidMainJavaRes
> Task :feature:ingredient:createFullJarAndroidMain
> Task :feature:achievements:bundleAndroidMainClassesToRuntimeJar
> Task :feature:achievements:processAndroidMainJavaRes
> Task :feature:notifications:syncAndroidMainLibJars
> Task :feature:achievements:bundleAndroidMainClassesToCompileJar
> Task :feature:ingredient:mergeAndroidMainJavaResource
> Task :feature:achievements:createFullJarAndroidMain
> Task :feature:notifications:bundleAndroidMainLocalLintAar
> Task :feature:achievements:mergeAndroidMainJavaResource
> Task :feature:achievements:syncAndroidMainLibJars
> Task :feature:ingredient:syncAndroidMainLibJars
> Task :feature:achievements:bundleAndroidMainLocalLintAar
> Task :feature:ingredient:bundleAndroidMainLocalLintAar
> Task :feature:stats:compileAndroidMain
> Task :feature:stats:processAndroidMainJavaRes
> Task :feature:stats:mergeAndroidMainJavaResource
> Task :feature:stats:bundleAndroidMainClassesToCompileJar
> Task :feature:stats:bundleAndroidMainClassesToRuntimeJar
> Task :feature:stats:createFullJarAndroidMain
> Task :feature:stats:syncAndroidMainLibJars

> Task :feature:crew:compileAndroidMain
w: file:///Users/sebastiancardonahenao/AndroidStudioProjects/FoodRats/feature/crew/src/commonMain/kotlin/es/schsebastian/foodrats/feature/crew/presentation/settings/CrewSettingsScreen.kt:85:28 'val LocalClipboardManager: ProvidableCompositionLocal<ClipboardManager>' is deprecated. Use LocalClipboard instead which supports suspend functions.

> Task :feature:stats:bundleAndroidMainLocalLintAar
> Task :feature:crew:processAndroidMainJavaRes
> Task :feature:crew:bundleAndroidMainClassesToRuntimeJar
> Task :feature:crew:mergeAndroidMainJavaResource
> Task :feature:crew:bundleAndroidMainClassesToCompileJar
> Task :feature:crew:createFullJarAndroidMain
> Task :feature:feed:compileAndroidMain
> Task :feature:feed:processAndroidMainJavaRes
> Task :feature:feed:bundleAndroidMainClassesToRuntimeJar
> Task :feature:feed:mergeAndroidMainJavaResource
> Task :feature:feed:bundleAndroidMainClassesToCompileJar
> Task :feature:feed:createFullJarAndroidMain

> Task :feature:auth:compileAndroidMain
w: file:///Users/sebastiancardonahenao/AndroidStudioProjects/FoodRats/feature/auth/src/androidMain/kotlin/es/schsebastian/foodrats/feature/auth/data/apple/AppleAuthClient.android.kt:14:1 'expect'/'actual' classes (including interfaces, objects, annotations, enums, and 'actual' typealiases) are in Beta. Consider using the '-Xexpect-actual-classes' flag to suppress this warning. Also see: https://youtrack.jetbrains.com/issue/KT-61573
w: file:///Users/sebastiancardonahenao/AndroidStudioProjects/FoodRats/feature/auth/src/androidMain/kotlin/es/schsebastian/foodrats/feature/auth/data/google/GoogleAuthClient.android.kt:15:1 'expect'/'actual' classes (including interfaces, objects, annotations, enums, and 'actual' typealiases) are in Beta. Consider using the '-Xexpect-actual-classes' flag to suppress this warning. Also see: https://youtrack.jetbrains.com/issue/KT-61573
w: file:///Users/sebastiancardonahenao/AndroidStudioProjects/FoodRats/feature/auth/src/commonMain/kotlin/es/schsebastian/foodrats/feature/auth/data/apple/AppleAuthClient.kt:14:1 'expect'/'actual' classes (including interfaces, objects, annotations, enums, and 'actual' typealiases) are in Beta. Consider using the '-Xexpect-actual-classes' flag to suppress this warning. Also see: https://youtrack.jetbrains.com/issue/KT-61573
w: file:///Users/sebastiancardonahenao/AndroidStudioProjects/FoodRats/feature/auth/src/commonMain/kotlin/es/schsebastian/foodrats/feature/auth/data/google/GoogleAuthClient.kt:6:1 'expect'/'actual' classes (including interfaces, objects, annotations, enums, and 'actual' typealiases) are in Beta. Consider using the '-Xexpect-actual-classes' flag to suppress this warning. Also see: https://youtrack.jetbrains.com/issue/KT-61573

> Task :feature:crew:syncAndroidMainLibJars
> Task :feature:crew:bundleAndroidMainLocalLintAar
> Task :feature:feed:syncAndroidMainLibJars
> Task :feature:feed:bundleAndroidMainLocalLintAar
> Task :feature:notifications:compileAndroidHostTest
> Task :feature:auth:processAndroidMainJavaRes
> Task :feature:auth:mergeAndroidMainJavaResource
> Task :feature:auth:bundleAndroidMainClassesToRuntimeJar
> Task :feature:auth:createFullJarAndroidMain
> Task :feature:auth:bundleAndroidMainClassesToCompileJar
> Task :feature:auth:syncAndroidMainLibJars
> Task :feature:auth:bundleAndroidMainLocalLintAar

> Task :feature:meal:compileAndroidMain
w: file:///Users/sebastiancardonahenao/AndroidStudioProjects/FoodRats/feature/meal/src/androidMain/kotlin/es/schsebastian/foodrats/feature/meal/data/firebase/PlateCompressor.android.kt:16:10 'expect'/'actual' classes (including interfaces, objects, annotations, enums, and 'actual' typealiases) are in Beta. Consider using the '-Xexpect-actual-classes' flag to suppress this warning. Also see: https://youtrack.jetbrains.com/issue/KT-61573
w: file:///Users/sebastiancardonahenao/AndroidStudioProjects/FoodRats/feature/meal/src/commonMain/kotlin/es/schsebastian/foodrats/feature/meal/data/firebase/PlateCompressor.kt:15:10 'expect'/'actual' classes (including interfaces, objects, annotations, enums, and 'actual' typealiases) are in Beta. Consider using the '-Xexpect-actual-classes' flag to suppress this warning. Also see: https://youtrack.jetbrains.com/issue/KT-61573

> Task :feature:meal:processAndroidMainJavaRes
> Task :feature:meal:mergeAndroidMainJavaResource
> Task :feature:meal:bundleAndroidMainClassesToRuntimeJar
> Task :feature:meal:bundleAndroidMainClassesToCompileJar
> Task :feature:meal:createFullJarAndroidMain
> Task :shared:extractAndroidMainAnnotations
> Task :feature:meal:syncAndroidMainLibJars
> Task :feature:meal:bundleAndroidMainLocalLintAar
> Task :shared:compileAndroidMain
> Task :shared:processAndroidMainJavaRes
> Task :shared:bundleAndroidMainClassesToCompileJar
> Task :shared:bundleAndroidMainClassesToRuntimeJar
> Task :shared:mergeAndroidMainJavaResource
> Task :shared:createFullJarAndroidMain
> Task :shared:syncAndroidMainLibJars
> Task :shared:bundleAndroidMainLocalLintAar
> Task :feature:notifications:testAndroidHostTest
> Task :androidApp:compileReleaseKotlin
> Task :androidApp:processReleaseJavaRes
> Task :androidApp:compileReleaseJavaWithJavac
> Task :androidApp:mergeReleaseGeneratedProguardFiles
> Task :androidApp:generateReleaseLintVitalReportModel
> Task :androidApp:mergeReleaseJavaResource

> Task :androidApp:stripReleaseImagePickerShutter
StripImagePickerShutter: keeping muted no-op playShutterSound from jar classes.jar!io/github/ismoy/imagepickerkmp/presentation/ui/utils/PlayShutterSoundKt.class

> Task :androidApp:lintVitalAnalyzeRelease
> Task :androidApp:lintVitalReportRelease
> Task :androidApp:lintVitalRelease

> Task :androidApp:stripReleaseImagePickerShutter
StripImagePickerShutter: dropped library shutter copy from jar library-release-runtime.jar!io/github/ismoy/imagepickerkmp/presentation/ui/utils/PlayShutterSoundKt.class

> Task :androidApp:expandReleaseArtProfileWildcards
> Task :androidApp:produceReleaseComposeMapping
> Task :androidApp:reportReleaseComposeMappingErrors
> Task :androidApp:minifyReleaseWithR8
> Task :androidApp:convertShrunkResourcesToBinaryRelease
> Task :androidApp:optimizeReleaseResources
> Task :androidApp:mergeReleaseComposeMapping
> Task :androidApp:compileReleaseArtProfile
> Task :androidApp:packageRelease
> Task :androidApp:assembleRelease
> Task :androidApp:createReleaseApkListingFileRedirect

BUILD SUCCESSFUL in 2m 6s
467 actionable tasks: 457 executed, 9 from cache, 1 up-to-date
Configuration cache entry stored.
